Archive member included to satisfy reference by file (symbol)

C:/appz/ST/STM32CubeIDE_1.10.1/STM32CubeIDE/plugins/com.st.stm32cube.ide.mcu.externaltools.gnu-tools-for-stm32.11.3.rel1.win32_1.1.0.202305231506/tools/bin/../lib/gcc/arm-none-eabi/11.3.1/../../../../arm-none-eabi/lib/thumb/v7e-m+fp/hard\libc_nano.a(libc_a-exit.o)
                              C:/appz/ST/STM32CubeIDE_1.10.1/STM32CubeIDE/plugins/com.st.stm32cube.ide.mcu.externaltools.gnu-tools-for-stm32.11.3.rel1.win32_1.1.0.202305231506/tools/bin/../lib/gcc/arm-none-eabi/11.3.1/../../../../arm-none-eabi/lib/thumb/v7e-m+fp/hard/crt0.o (exit)
C:/appz/ST/STM32CubeIDE_1.10.1/STM32CubeIDE/plugins/com.st.stm32cube.ide.mcu.externaltools.gnu-tools-for-stm32.11.3.rel1.win32_1.1.0.202305231506/tools/bin/../lib/gcc/arm-none-eabi/11.3.1/../../../../arm-none-eabi/lib/thumb/v7e-m+fp/hard\libc_nano.a(libc_a-findfp.o)
                              C:/appz/ST/STM32CubeIDE_1.10.1/STM32CubeIDE/plugins/com.st.stm32cube.ide.mcu.externaltools.gnu-tools-for-stm32.11.3.rel1.win32_1.1.0.202305231506/tools/bin/../lib/gcc/arm-none-eabi/11.3.1/../../../../arm-none-eabi/lib/thumb/v7e-m+fp/hard\libc_nano.a(libc_a-exit.o) (__stdio_exit_handler)
C:/appz/ST/STM32CubeIDE_1.10.1/STM32CubeIDE/plugins/com.st.stm32cube.ide.mcu.externaltools.gnu-tools-for-stm32.11.3.rel1.win32_1.1.0.202305231506/tools/bin/../lib/gcc/arm-none-eabi/11.3.1/../../../../arm-none-eabi/lib/thumb/v7e-m+fp/hard\libc_nano.a(libc_a-fwalk.o)
                              C:/appz/ST/STM32CubeIDE_1.10.1/STM32CubeIDE/plugins/com.st.stm32cube.ide.mcu.externaltools.gnu-tools-for-stm32.11.3.rel1.win32_1.1.0.202305231506/tools/bin/../lib/gcc/arm-none-eabi/11.3.1/../../../../arm-none-eabi/lib/thumb/v7e-m+fp/hard\libc_nano.a(libc_a-findfp.o) (_fwalk_sglue)
C:/appz/ST/STM32CubeIDE_1.10.1/STM32CubeIDE/plugins/com.st.stm32cube.ide.mcu.externaltools.gnu-tools-for-stm32.11.3.rel1.win32_1.1.0.202305231506/tools/bin/../lib/gcc/arm-none-eabi/11.3.1/../../../../arm-none-eabi/lib/thumb/v7e-m+fp/hard\libc_nano.a(libc_a-stdio.o)
                              C:/appz/ST/STM32CubeIDE_1.10.1/STM32CubeIDE/plugins/com.st.stm32cube.ide.mcu.externaltools.gnu-tools-for-stm32.11.3.rel1.win32_1.1.0.202305231506/tools/bin/../lib/gcc/arm-none-eabi/11.3.1/../../../../arm-none-eabi/lib/thumb/v7e-m+fp/hard\libc_nano.a(libc_a-findfp.o) (__sread)
C:/appz/ST/STM32CubeIDE_1.10.1/STM32CubeIDE/plugins/com.st.stm32cube.ide.mcu.externaltools.gnu-tools-for-stm32.11.3.rel1.win32_1.1.0.202305231506/tools/bin/../lib/gcc/arm-none-eabi/11.3.1/../../../../arm-none-eabi/lib/thumb/v7e-m+fp/hard\libc_nano.a(libc_a-memset.o)
                              C:/appz/ST/STM32CubeIDE_1.10.1/STM32CubeIDE/plugins/com.st.stm32cube.ide.mcu.externaltools.gnu-tools-for-stm32.11.3.rel1.win32_1.1.0.202305231506/tools/bin/../lib/gcc/arm-none-eabi/11.3.1/../../../../arm-none-eabi/lib/thumb/v7e-m+fp/hard/crt0.o (memset)
C:/appz/ST/STM32CubeIDE_1.10.1/STM32CubeIDE/plugins/com.st.stm32cube.ide.mcu.externaltools.gnu-tools-for-stm32.11.3.rel1.win32_1.1.0.202305231506/tools/bin/../lib/gcc/arm-none-eabi/11.3.1/../../../../arm-none-eabi/lib/thumb/v7e-m+fp/hard\libc_nano.a(libc_a-closer.o)
                              C:/appz/ST/STM32CubeIDE_1.10.1/STM32CubeIDE/plugins/com.st.stm32cube.ide.mcu.externaltools.gnu-tools-for-stm32.11.3.rel1.win32_1.1.0.202305231506/tools/bin/../lib/gcc/arm-none-eabi/11.3.1/../../../../arm-none-eabi/lib/thumb/v7e-m+fp/hard\libc_nano.a(libc_a-stdio.o) (_close_r)
C:/appz/ST/STM32CubeIDE_1.10.1/STM32CubeIDE/plugins/com.st.stm32cube.ide.mcu.externaltools.gnu-tools-for-stm32.11.3.rel1.win32_1.1.0.202305231506/tools/bin/../lib/gcc/arm-none-eabi/11.3.1/../../../../arm-none-eabi/lib/thumb/v7e-m+fp/hard\libc_nano.a(libc_a-reent.o)
                              C:/appz/ST/STM32CubeIDE_1.10.1/STM32CubeIDE/plugins/com.st.stm32cube.ide.mcu.externaltools.gnu-tools-for-stm32.11.3.rel1.win32_1.1.0.202305231506/tools/bin/../lib/gcc/arm-none-eabi/11.3.1/../../../../arm-none-eabi/lib/thumb/v7e-m+fp/hard\libc_nano.a(libc_a-closer.o) (errno)
C:/appz/ST/STM32CubeIDE_1.10.1/STM32CubeIDE/plugins/com.st.stm32cube.ide.mcu.externaltools.gnu-tools-for-stm32.11.3.rel1.win32_1.1.0.202305231506/tools/bin/../lib/gcc/arm-none-eabi/11.3.1/../../../../arm-none-eabi/lib/thumb/v7e-m+fp/hard\libc_nano.a(libc_a-impure.o)
                              C:/appz/ST/STM32CubeIDE_1.10.1/STM32CubeIDE/plugins/com.st.stm32cube.ide.mcu.externaltools.gnu-tools-for-stm32.11.3.rel1.win32_1.1.0.202305231506/tools/bin/../lib/gcc/arm-none-eabi/11.3.1/../../../../arm-none-eabi/lib/thumb/v7e-m+fp/hard\libc_nano.a(libc_a-reent.o) (_impure_ptr)
C:/appz/ST/STM32CubeIDE_1.10.1/STM32CubeIDE/plugins/com.st.stm32cube.ide.mcu.externaltools.gnu-tools-for-stm32.11.3.rel1.win32_1.1.0.202305231506/tools/bin/../lib/gcc/arm-none-eabi/11.3.1/../../../../arm-none-eabi/lib/thumb/v7e-m+fp/hard\libc_nano.a(libc_a-lseekr.o)
[...]
Memory Configuration

Name             Origin             Length             Attributes
CCMRAM           0x0000000010000000 0x0000000000010000 xrw
RAM              0x0000000020000000 0x0000000000030000 xrw
FLASH            0x0000000008000000 0x0000000000200000 xr
*default*        0x0000000000000000 0xffffffffffffffff

Linker script and memory map

LOAD C:/appz/ST/STM32CubeIDE_1.10.1/STM32CubeIDE/plugins/com.st.stm32cube.ide.mcu.externaltools.gnu-tools-for-stm32.11.3.rel1.win32_1.1.0.202305231506/tools/bin/../lib/gcc/arm-none-eabi/11.3.1/thumb/v7e-m+fp/hard/crti.o
LOAD C:/appz/ST/STM32CubeIDE_1.10.1/STM32CubeIDE/plugins/com.st.stm32cube.ide.mcu.externaltools.gnu-tools-for-stm32.11.3.rel1.win32_1.1.0.202305231506/tools/bin/../lib/gcc/arm-none-eabi/11.3.1/thumb/v7e-m+fp/hard/crtbegin.o
LOAD C:/appz/ST/STM32CubeIDE_1.10.1/STM32CubeIDE/plugins/com.st.stm32cube.ide.mcu.externaltools.gnu-tools-for-stm32.11.3.rel1.win32_1.1.0.202305231506/tools/bin/../lib/gcc/arm-none-eabi/11.3.1/../../../../arm-none-eabi/lib/thumb/v7e-m+fp/hard/crt0.o
LOAD ./Core/Src/main.o
LOAD ./Core/Src/stm32f4xx_hal_msp.o
LOAD ./Core/Src/stm32f4xx_it.o
LOAD ./Core/Src/syscalls.o
LOAD ./Core/Src/sysmem.o
LOAD ./Core/Src/system_stm32f4xx.o
LOAD ./Core/Startup/startup_stm32f429zitx.o
LOAD ./Drivers/STM32F4xx_HAL_Driver/Src/stm32f4xx_hal.o
LOAD ./Drivers/STM32F4xx_HAL_Driver/Src/stm32f4xx_hal_cortex.o
LOAD ./Drivers/STM32F4xx_HAL_Driver/Src/stm32f4xx_hal_dma.o
LOAD ./Drivers/STM32F4xx_HAL_Driver/Src/stm32f4xx_hal_dma_ex.o
LOAD ./Drivers/STM32F4xx_HAL_Driver/Src/stm32f4xx_hal_exti.o
LOAD ./Drivers/STM32F4xx_HAL_Driver/Src/stm32f4xx_hal_flash.o
LOAD ./Drivers/STM32F4xx_HAL_Driver/Src/stm32f4xx_hal_flash_ex.o
LOAD ./Drivers/STM32F4xx_HAL_Driver/Src/stm32f4xx_hal_flash_ramfunc.o
LOAD ./Drivers/STM32F4xx_HAL_Driver/Src/stm32f4xx_hal_gpio.o
LOAD ./Drivers/STM32F4xx_HAL_Driver/Src/stm32f4xx_hal_pcd.o
LOAD ./Drivers/STM32F4xx_HAL_Driver/Src/stm32f4xx_hal_pcd_ex.o
LOAD ./Drivers/STM32F4xx_HAL_Driver/Src/stm32f4xx_hal_pwr.o
LOAD ./Drivers/STM32F4xx_HAL_Driver/Src/stm32f4xx_hal_pwr_ex.o
LOAD ./Drivers/STM32F4xx_HAL_Driver/Src/stm32f4xx_hal_rcc.o
LOAD ./Drivers/STM32F4xx_HAL_Driver/Src/stm32f4xx_hal_rcc_ex.o
LOAD ./Drivers/STM32F4xx_HAL_Driver/Src/stm32f4xx_hal_tim.o
LOAD ./Drivers/STM32F4xx_HAL_Driver/Src/stm32f4xx_hal_tim_ex.o
LOAD ./Drivers/STM32F4xx_HAL_Driver/Src/stm32f4xx_hal_uart.o
LOAD ./Drivers/STM32F4xx_HAL_Driver/Src/stm32f4xx_ll_usb.o
LOAD ./Middlewares/ST/STM32_USB_Device_Library/Class/HID/Src/usbd_hid.o
LOAD ./Middlewares/ST/STM32_USB_Device_Library/Core/Src/usbd_core.o
LOAD ./Middlewares/ST/STM32_USB_Device_Library/Core/Src/usbd_ctlreq.o
LOAD ./Middlewares/ST/STM32_USB_Device_Library/Core/Src/usbd_ioreq.o
LOAD ./USB_DEVICE/App/usb_device.o
LOAD ./USB_DEVICE/App/usbd_desc.o
LOAD ./USB_DEVICE/Target/usbd_conf.o
START GROUP
LOAD C:/appz/ST/STM32CubeIDE_1.10.1/STM32CubeIDE/plugins/com.st.stm32cube.ide.mcu.externaltools.gnu-tools-for-stm32.11.3.rel1.win32_1.1.0.202305231506/tools/bin/../lib/gcc/arm-none-eabi/11.3.1/../../../../arm-none-eabi/lib/thumb/v7e-m+fp/hard\libc_nano.a
LOAD C:/appz/ST/STM32CubeIDE_1.10.1/STM32CubeIDE/plugins/com.st.stm32cube.ide.mcu.externaltools.gnu-tools-for-stm32.11.3.rel1.win32_1.1.0.202305231506/tools/bin/../lib/gcc/arm-none-eabi/11.3.1/../../../../arm-none-eabi/lib/thumb/v7e-m+fp/hard\libm.a
END GROUP
START GROUP
LOAD C:/appz/ST/STM32CubeIDE_1.10.1/STM32CubeIDE/plugins/com.st.stm32cube.ide.mcu.externaltools.gnu-tools-for-stm32.11.3.rel1.win32_1.1.0.202305231506/tools/bin/../lib/gcc/arm-none-eabi/11.3.1/thumb/v7e-m+fp/hard\libgcc.a
LOAD C:/appz/ST/STM32CubeIDE_1.10.1/STM32CubeIDE/plugins/com.st.stm32cube.ide.mcu.externaltools.gnu-tools-for-stm32.11.3.rel1.win32_1.1.0.202305231506/tools/bin/../lib/gcc/arm-none-eabi/11.3.1/../../../../arm-none-eabi/lib/thumb/v7e-m+fp/hard\libc_nano.a
END GROUP
START GROUP
LOAD C:/appz/ST/STM32CubeIDE_1.10.1/STM32CubeIDE/plugins/com.st.stm32cube.ide.mcu.externaltools.gnu-tools-for-stm32.11.3.rel1.win32_1.1.0.202305231506/tools/bin/../lib/gcc/arm-none-eabi/11.3.1/thumb/v7e-m+fp/hard\libgcc.a
LOAD C:/appz/ST/STM32CubeIDE_1.10.1/STM32CubeIDE/plugins/com.st.stm32cube.ide.mcu.externaltools.gnu-tools-for-stm32.11.3.rel1.win32_1.1.0.202305231506/tools/bin/../lib/gcc/arm-none-eabi/11.3.1/../../../../arm-none-eabi/lib/thumb/v7e-m+fp/hard\libc_nano.a
LOAD C:/appz/ST/STM32CubeIDE_1.10.1/STM32CubeIDE/plugins/com.st.stm32cube.ide.mcu.externaltools.gnu-tools-for-stm32.11.3.rel1.win32_1.1.0.202305231506/tools/bin/../lib/gcc/arm-none-eabi/11.3.1/../../../../arm-none-eabi/lib/thumb/v7e-m+fp/hard\libnosys.a
END GROUP
START GROUP
LOAD C:/appz/ST/STM32CubeIDE_1.10.1/STM32CubeIDE/plugins/com.st.stm32cube.ide.mcu.externaltools.gnu-tools-for-stm32.11.3.rel1.win32_1.1.0.202305231506/tools/bin/../lib/gcc/arm-none-eabi/11.3.1/thumb/v7e-m+fp/hard\libgcc.a
LOAD C:/appz/ST/STM32CubeIDE_1.10.1/STM32CubeIDE/plugins/com.st.stm32cube.ide.mcu.externaltools.gnu-tools-for-stm32.11.3.rel1.win32_1.1.0.202305231506/tools/bin/../lib/gcc/arm-none-eabi/11.3.1/../../../../arm-none-eabi/lib/thumb/v7e-m+fp/hard\libc_nano.a
LOAD C:/appz/ST/STM32CubeIDE_1.10.1/STM32CubeIDE/plugins/com.st.stm32cube.ide.mcu.externaltools.gnu-tools-for-stm32.11.3.rel1.win32_1.1.0.202305231506/tools/bin/../lib/gcc/arm-none-eabi/11.3.1/../../../../arm-none-eabi/lib/thumb/v7e-m+fp/hard\libnosys.a
END GROUP
LOAD C:/appz/ST/STM32CubeIDE_1.10.1/STM32CubeIDE/plugins/com.st.stm32cube.ide.mcu.externaltools.gnu-tools-for-stm32.11.3.rel1.win32_1.1.0.202305231506/tools/bin/../lib/gcc/arm-none-eabi/11.3.1/thumb/v7e-m+fp/hard/crtend.o
LOAD C:/appz/ST/STM32CubeIDE_1.10.1/STM32CubeIDE/plugins/com.st.stm32cube.ide.mcu.externaltools.gnu-tools-for-stm32.11.3.rel1.win32_1.1.0.202305231506/tools/bin/../lib/gcc/arm-none-eabi/11.3.1/thumb/v7e-m+fp/hard/crtn.o
                0x0000000020030000                _estack = (ORIGIN (RAM) + LENGTH (RAM))
                0x0000000000000200                _Min_Heap_Size = 0x200
                0x0000000000000400                _Min_Stack_Size = 0x400

.isr_vector     0x0000000008000000      0x1ac
                0x0000000008000000                . = ALIGN (0x4)
 *(.isr_vector)
 .isr_vector    0x0000000008000000      0x1ac ./Core/Startup/startup_stm32f429zitx.o
                0x0000000008000000                g_pfnVectors
                0x00000000080001ac                . = ALIGN (0x4)

.text           0x00000000080001b0     0x8548
                0x00000000080001b0                . = ALIGN (0x4)
 *(.text)
 .text          0x00000000080001b0       0x40 C:/appz/ST/STM32CubeIDE_1.10.1/STM32CubeIDE/plugins/com.st.stm32cube.ide.mcu.externaltools.gnu-tools-for-stm32.11.3.rel1.win32_1.1.0.202305231506/tools/bin/../lib/gcc/arm-none-eabi/11.3.1/thumb/v7e-m+fp/hard/crtbegin.o
 .text          0x00000000080001f0      0x254 C:/appz/ST/STM32CubeIDE_1.10.1/STM32CubeIDE/plugins/com.st.stm32cube.ide.mcu.externaltools.gnu-tools-for-stm32.11.3.rel1.win32_1.1.0.202305231506/tools/bin/../lib/gcc/arm-none-eabi/11.3.1/thumb/v7e-m+fp/hard\libgcc.a(_arm_muldf3.o)
                0x00000000080001f0                __muldf3
                0x00000000080001f0                __aeabi_dmul
 .text          0x0000000008000444      0x378 C:/appz/ST/STM32CubeIDE_1.10.1/STM32CubeIDE/plugins/com.st.stm32cube.ide.mcu.externaltools.gnu-tools-for-stm32.11.3.rel1.win32_1.1.0.202305231506/tools/bin/../lib/gcc/arm-none-eabi/11.3.1/thumb/v7e-m+fp/hard\libgcc.a(_arm_addsubdf3.o)
                0x0000000008000444                __aeabi_drsub
                0x000000000800044c                __aeabi_dsub
                0x000000000800044c                __subdf3
                0x0000000008000450                __aeabi_dadd
                0x0000000008000450                __adddf3
                0x00000000080006c8                __floatunsidf
                0x00000000080006c8                __aeabi_ui2d
                0x00000000080006e8                __floatsidf
                0x00000000080006e8                __aeabi_i2d
                0x000000000800070c                __aeabi_f2d
                0x000000000800070c                __extendsfdf2
                0x0000000008000750                __floatundidf
                0x0000000008000750                __aeabi_ul2d
                0x0000000008000760                __floatdidf
                0x0000000008000760                __aeabi_l2d
 .text          0x00000000080007bc       0xa0 C:/appz/ST/STM32CubeIDE_1.10.1/STM32CubeIDE/plugins/com.st.stm32cube.ide.mcu.externaltools.gnu-tools-for-stm32.11.3.rel1.win32_1.1.0.202305231506/tools/bin/../lib/gcc/arm-none-eabi/11.3.1/thumb/v7e-m+fp/hard\libgcc.a(_arm_truncdfsf2.o)
                0x00000000080007bc                __truncdfsf2
                0x00000000080007bc                __aeabi_d2f
 .text          0x000000000800085c       0x30 C:/appz/ST/STM32CubeIDE_1.10.1/STM32CubeIDE/plugins/com.st.stm32cube.ide.mcu.externaltools.gnu-tools-for-stm32.11.3.rel1.win32_1.1.0.202305231506/tools/bin/../lib/gcc/arm-none-eabi/11.3.1/thumb/v7e-m+fp/hard\libgcc.a(_aeabi_uldivmod.o)
                0x000000000800085c                __aeabi_uldivmod
 .text          0x000000000800088c      0x2c8 C:/appz/ST/STM32CubeIDE_1.10.1/STM32CubeIDE/plugins/com.st.stm32cube.ide.mcu.externaltools.gnu-tools-for-stm32.11.3.rel1.win32_1.1.0.202305231506/tools/bin/../lib/gcc/arm-none-eabi/11.3.1/thumb/v7e-m+fp/hard\libgcc.a(_udivmoddi4.o)
                0x000000000800088c                __udivmoddi4
 .text          0x0000000008000b54        0x4 C:/appz/ST/STM32CubeIDE_1.10.1/STM32CubeIDE/plugins/com.st.stm32cube.ide.mcu.externaltools.gnu-tools-for-stm32.11.3.rel1.win32_1.1.0.202305231506/tools/bin/../lib/gcc/arm-none-eabi/11.3.1/thumb/v7e-m+fp/hard\libgcc.a(_dvmd_tls.o)
                0x0000000008000b54                __aeabi_idiv0
                0x0000000008000b54                __aeabi_ldiv0
 *(.text*)
 .text.step     0x0000000008000b58       0x4c ./Core/Src/main.o
                0x0000000008000b58                step
 .text.circle   0x0000000008000ba4      0x130 ./Core/Src/main.o
                0x0000000008000ba4                circle
 *fill*         0x0000000008000cd4        0x4 
 .text.draw_part_circle
                0x0000000008000cd8      0x16c ./Core/Src/main.o
                0x0000000008000cd8                draw_part_circle
 .text.happy_face
                0x0000000008000e44      0x164 ./Core/Src/main.o
                0x0000000008000e44                happy_face
 .text.main     0x0000000008000fa8       0x2c ./Core/Src/main.o
                0x0000000008000fa8                main
 .text.SystemClock_Config
                0x0000000008000fd4       0xd4 ./Core/Src/main.o
                0x0000000008000fd4                SystemClock_Config
 .text.MX_USART3_UART_Init
                0x00000000080010a8       0x54 ./Core/Src/main.o
 .text.MX_GPIO_Init
                0x00000000080010fc      0x1f4 ./Core/Src/main.o
 .text.HAL_GPIO_EXTI_Callback
                0x00000000080012f0       0x50 ./Core/Src/main.o
                0x00000000080012f0                HAL_GPIO_EXTI_Callback
 .text.Error_Handler
                0x0000000008001340        0xa ./Core/Src/main.o
                0x0000000008001340                Error_Handler
 *fill*         0x000000000800134a        0x2 
 .text.HAL_MspInit
                0x000000000800134c       0x50 ./Core/Src/stm32f4xx_hal_msp.o
                0x000000000800134c                HAL_MspInit
 .text.HAL_UART_MspInit
                0x000000000800139c       0x90 ./Core/Src/stm32f4xx_hal_msp.o
                0x000000000800139c                HAL_UART_MspInit
 .text.NMI_Handler
                0x000000000800142c        0x6 ./Core/Src/stm32f4xx_it.o
                0x000000000800142c                NMI_Handler
 .text.HardFault_Handler
                0x0000000008001432        0x6 ./Core/Src/stm32f4xx_it.o
                0x0000000008001432                HardFault_Handler
 .text.MemManage_Handler
                0x0000000008001438        0x6 ./Core/Src/stm32f4xx_it.o
                0x0000000008001438                MemManage_Handler
 .text.BusFault_Handler
                0x000000000800143e        0x6 ./Core/Src/stm32f4xx_it.o
                0x000000000800143e                BusFault_Handler
 .text.UsageFault_Handler
                0x0000000008001444        0x6 ./Core/Src/stm32f4xx_it.o
                0x0000000008001444                UsageFault_Handler
 .text.SVC_Handler
                0x000000000800144a        0xe ./Core/Src/stm32f4xx_it.o
                0x000000000800144a                SVC_Handler
 .text.DebugMon_Handler
                0x0000000008001458        0xe ./Core/Src/stm32f4xx_it.o
                0x0000000008001458                DebugMon_Handler
 .text.PendSV_Handler
                0x0000000008001466        0xe ./Core/Src/stm32f4xx_it.o
                0x0000000008001466                PendSV_Handler
 .text.SysTick_Handler
                0x0000000008001474        0xc ./Core/Src/stm32f4xx_it.o
                0x0000000008001474                SysTick_Handler
 .text.EXTI15_10_IRQHandler
                0x0000000008001480       0x10 ./Core/Src/stm32f4xx_it.o
                0x0000000008001480                EXTI15_10_IRQHandler
 .text.OTG_FS_IRQHandler
                0x0000000008001490       0x14 ./Core/Src/stm32f4xx_it.o
                0x0000000008001490                OTG_FS_IRQHandler
 .text.SystemInit
                0x00000000080014a4       0x24 ./Core/Src/system_stm32f4xx.o
                0x00000000080014a4                SystemInit
 .text.Reset_Handler
                0x00000000080014c8       0x50 ./Core/Startup/startup_stm32f429zitx.o
                0x00000000080014c8                Reset_Handler
 .text.Default_Handler
                0x0000000008001518        0x2 ./Core/Startup/startup_stm32f429zitx.o
                0x0000000008001518                RTC_Alarm_IRQHandler
                0x0000000008001518                HASH_RNG_IRQHandler
                0x0000000008001518                EXTI2_IRQHandler
                0x0000000008001518                TIM8_CC_IRQHandler
                0x0000000008001518                UART8_IRQHandler
                0x0000000008001518                SPI4_IRQHandler
                0x0000000008001518                TIM1_CC_IRQHandler
                0x0000000008001518                DMA2_Stream5_IRQHandler
                0x0000000008001518                DMA1_Stream5_IRQHandler
                0x0000000008001518                PVD_IRQHandler
                0x0000000008001518                SDIO_IRQHandler
                0x0000000008001518                TAMP_STAMP_IRQHandler
                0x0000000008001518                CAN2_RX1_IRQHandler
                0x0000000008001518                EXTI3_IRQHandler
                0x0000000008001518                TIM8_TRG_COM_TIM14_IRQHandler
                0x0000000008001518                TIM1_UP_TIM10_IRQHandler
                0x0000000008001518                TIM8_UP_TIM13_IRQHandler
                0x0000000008001518                I2C3_ER_IRQHandler
                0x0000000008001518                EXTI0_IRQHandler
                0x0000000008001518                I2C2_EV_IRQHandler
                0x0000000008001518                DMA1_Stream2_IRQHandler
                0x0000000008001518                CAN1_RX0_IRQHandler
                0x0000000008001518                FPU_IRQHandler
                0x0000000008001518                OTG_HS_WKUP_IRQHandler
                0x0000000008001518                LTDC_ER_IRQHandler
                0x0000000008001518                CAN2_SCE_IRQHandler
                0x0000000008001518                DMA2_Stream2_IRQHandler
                0x0000000008001518                SPI1_IRQHandler
                0x0000000008001518                TIM6_DAC_IRQHandler
                0x0000000008001518                TIM1_BRK_TIM9_IRQHandler
                0x0000000008001518                DCMI_IRQHandler
                0x0000000008001518                CAN2_RX0_IRQHandler
                0x0000000008001518                DMA2_Stream3_IRQHandler
                0x0000000008001518                USART6_IRQHandler
                0x0000000008001518                USART3_IRQHandler
                0x0000000008001518                CAN1_RX1_IRQHandler
                0x0000000008001518                UART5_IRQHandler
                0x0000000008001518                DMA2_Stream0_IRQHandler
                0x0000000008001518                TIM4_IRQHandler
                0x0000000008001518                I2C1_EV_IRQHandler
                0x0000000008001518                DMA1_Stream6_IRQHandler
                0x0000000008001518                DMA1_Stream1_IRQHandler
                0x0000000008001518                UART4_IRQHandler
                0x0000000008001518                TIM3_IRQHandler
                0x0000000008001518                RCC_IRQHandler
                0x0000000008001518                TIM8_BRK_TIM12_IRQHandler
                0x0000000008001518                Default_Handler
                0x0000000008001518                ADC_IRQHandler
                0x0000000008001518                DMA1_Stream7_IRQHandler
                0x0000000008001518                SPI5_IRQHandler
                0x0000000008001518                TIM7_IRQHandler
                0x0000000008001518                CAN2_TX_IRQHandler
                0x0000000008001518                TIM5_IRQHandler
                0x0000000008001518                DMA2_Stream7_IRQHandler
                0x0000000008001518                I2C3_EV_IRQHandler
                0x0000000008001518                EXTI9_5_IRQHandler
                0x0000000008001518                RTC_WKUP_IRQHandler
                0x0000000008001518                LTDC_IRQHandler
                0x0000000008001518                ETH_WKUP_IRQHandler
                0x0000000008001518                SPI2_IRQHandler
                0x0000000008001518                OTG_HS_EP1_IN_IRQHandler
                0x0000000008001518                DMA1_Stream0_IRQHandler
                0x0000000008001518                CAN1_TX_IRQHandler
                0x0000000008001518                EXTI4_IRQHandler
                0x0000000008001518                ETH_IRQHandler
                0x0000000008001518                OTG_HS_EP1_OUT_IRQHandler
                0x0000000008001518                WWDG_IRQHandler
                0x0000000008001518                SPI6_IRQHandler
                0x0000000008001518                TIM2_IRQHandler
                0x0000000008001518                OTG_FS_WKUP_IRQHandler
                0x0000000008001518                TIM1_TRG_COM_TIM11_IRQHandler
                0x0000000008001518                OTG_HS_IRQHandler
                0x0000000008001518                DMA2D_IRQHandler
                0x0000000008001518                EXTI1_IRQHandler
                0x0000000008001518                UART7_IRQHandler
                0x0000000008001518                USART2_IRQHandler
                0x0000000008001518                I2C2_ER_IRQHandler
                0x0000000008001518                DMA2_Stream1_IRQHandler
                0x0000000008001518                CAN1_SCE_IRQHandler
                0x0000000008001518                FLASH_IRQHandler
                0x0000000008001518                DMA2_Stream4_IRQHandler
                0x0000000008001518                USART1_IRQHandler
                0x0000000008001518                SPI3_IRQHandler
                0x0000000008001518                DMA1_Stream4_IRQHandler
                0x0000000008001518                I2C1_ER_IRQHandler
                0x0000000008001518                FMC_IRQHandler
                0x0000000008001518                DMA2_Stream6_IRQHandler
                0x0000000008001518                SAI1_IRQHandler
                0x0000000008001518                DMA1_Stream3_IRQHandler
 *fill*         0x000000000800151a        0x2 
 .text.HAL_Init
                0x000000000800151c       0x44 ./Drivers/STM32F4xx_HAL_Driver/Src/stm32f4xx_hal.o
                0x000000000800151c                HAL_Init
 .text.HAL_InitTick
                0x0000000008001560       0x60 ./Drivers/STM32F4xx_HAL_Driver/Src/stm32f4xx_hal.o
                0x0000000008001560                HAL_InitTick
 .text.HAL_IncTick
                0x00000000080015c0       0x28 ./Drivers/STM32F4xx_HAL_Driver/Src/stm32f4xx_hal.o
                0x00000000080015c0                HAL_IncTick
 .text.HAL_GetTick
                0x00000000080015e8       0x18 ./Drivers/STM32F4xx_HAL_Driver/Src/stm32f4xx_hal.o
                0x00000000080015e8                HAL_GetTick
 .text.HAL_Delay
                0x0000000008001600       0x48 ./Drivers/STM32F4xx_HAL_Driver/Src/stm32f4xx_hal.o
                0x0000000008001600                HAL_Delay
 .text.__NVIC_SetPriorityGrouping
                0x0000000008001648       0x48 ./Drivers/STM32F4xx_HAL_Driver/Src/stm32f4xx_hal_cortex.o
 .text.__NVIC_GetPriorityGrouping
                0x0000000008001690       0x1c ./Drivers/STM32F4xx_HAL_Driver/Src/stm32f4xx_hal_cortex.o
 .text.__NVIC_EnableIRQ
                0x00000000080016ac       0x3c ./Drivers/STM32F4xx_HAL_Driver/Src/stm32f4xx_hal_cortex.o
 .text.__NVIC_SetPriority
                0x00000000080016e8       0x54 ./Drivers/STM32F4xx_HAL_Driver/Src/stm32f4xx_hal_cortex.o
 .text.NVIC_EncodePriority
                0x000000000800173c       0x66 ./Drivers/STM32F4xx_HAL_Driver/Src/stm32f4xx_hal_cortex.o
 *fill*         0x00000000080017a2        0x2 
 .text.SysTick_Config
                0x00000000080017a4       0x44 ./Drivers/STM32F4xx_HAL_Driver/Src/stm32f4xx_hal_cortex.o
 .text.HAL_NVIC_SetPriorityGrouping
                0x00000000080017e8       0x16 ./Drivers/STM32F4xx_HAL_Driver/Src/stm32f4xx_hal_cortex.o
                0x00000000080017e8                HAL_NVIC_SetPriorityGrouping
 .text.HAL_NVIC_SetPriority
                0x00000000080017fe       0x38 ./Drivers/STM32F4xx_HAL_Driver/Src/stm32f4xx_hal_cortex.o
                0x00000000080017fe                HAL_NVIC_SetPriority
 .text.HAL_NVIC_EnableIRQ
                0x0000000008001836       0x1c ./Drivers/STM32F4xx_HAL_Driver/Src/stm32f4xx_hal_cortex.o
                0x0000000008001836                HAL_NVIC_EnableIRQ
 .text.HAL_SYSTICK_Config
                0x0000000008001852       0x18 ./Drivers/STM32F4xx_HAL_Driver/Src/stm32f4xx_hal_cortex.o
                0x0000000008001852                HAL_SYSTICK_Config
 *fill*         0x000000000800186a        0x2 
 .text.HAL_GPIO_Init
                0x000000000800186c      0x358 ./Drivers/STM32F4xx_HAL_Driver/Src/stm32f4xx_hal_gpio.o
                0x000000000800186c                HAL_GPIO_Init
 .text.HAL_GPIO_WritePin
                0x0000000008001bc4       0x32 ./Drivers/STM32F4xx_HAL_Driver/Src/stm32f4xx_hal_gpio.o
                0x0000000008001bc4                HAL_GPIO_WritePin
 .text.HAL_GPIO_TogglePin
                0x0000000008001bf6       0x34 ./Drivers/STM32F4xx_HAL_Driver/Src/stm32f4xx_hal_gpio.o
                0x0000000008001bf6                HAL_GPIO_TogglePin
 *fill*         0x0000000008001c2a        0x2 
 .text.HAL_GPIO_EXTI_IRQHandler
                0x0000000008001c2c       0x30 ./Drivers/STM32F4xx_HAL_Driver/Src/stm32f4xx_hal_gpio.o
                0x0000000008001c2c                HAL_GPIO_EXTI_IRQHandler
 .text.HAL_PCD_Init
                0x0000000008001c5c      0x23a ./Drivers/STM32F4xx_HAL_Driver/Src/stm32f4xx_hal_pcd.o
                0x0000000008001c5c                HAL_PCD_Init
 .text.HAL_PCD_Start
                0x0000000008001e96       0x66 ./Drivers/STM32F4xx_HAL_Driver/Src/stm32f4xx_hal_pcd.o
                0x0000000008001e96                HAL_PCD_Start
 .text.HAL_PCD_IRQHandler
                0x0000000008001efc      0x93e ./Drivers/STM32F4xx_HAL_Driver/Src/stm32f4xx_hal_pcd.o
                0x0000000008001efc                HAL_PCD_IRQHandler
 .text.HAL_PCD_SetAddress
                0x000000000800283a       0x4a ./Drivers/STM32F4xx_HAL_Driver/Src/stm32f4xx_hal_pcd.o
                0x000000000800283a                HAL_PCD_SetAddress
 .text.HAL_PCD_EP_Open
                0x0000000008002884       0xd0 ./Drivers/STM32F4xx_HAL_Driver/Src/stm32f4xx_hal_pcd.o
                0x0000000008002884                HAL_PCD_EP_Open
 .text.HAL_PCD_EP_Close
                0x0000000008002954       0x94 ./Drivers/STM32F4xx_HAL_Driver/Src/stm32f4xx_hal_pcd.o
                0x0000000008002954                HAL_PCD_EP_Close
 .text.HAL_PCD_EP_Receive
                0x00000000080029e8       0x96 ./Drivers/STM32F4xx_HAL_Driver/Src/stm32f4xx_hal_pcd.o
                0x00000000080029e8                HAL_PCD_EP_Receive
 .text.HAL_PCD_EP_Transmit
                0x0000000008002a7e       0x94 ./Drivers/STM32F4xx_HAL_Driver/Src/stm32f4xx_hal_pcd.o
                0x0000000008002a7e                HAL_PCD_EP_Transmit
 .text.HAL_PCD_EP_SetStall
                0x0000000008002b12       0xc8 ./Drivers/STM32F4xx_HAL_Driver/Src/stm32f4xx_hal_pcd.o
                0x0000000008002b12                HAL_PCD_EP_SetStall
 .text.HAL_PCD_EP_ClrStall
                0x0000000008002bda       0xac ./Drivers/STM32F4xx_HAL_Driver/Src/stm32f4xx_hal_pcd.o
                0x0000000008002bda                HAL_PCD_EP_ClrStall
 .text.HAL_PCD_EP_Abort
                0x0000000008002c86       0x62 ./Drivers/STM32F4xx_HAL_Driver/Src/stm32f4xx_hal_pcd.o
                0x0000000008002c86                HAL_PCD_EP_Abort
 .text.PCD_WriteEmptyTxFifo
                0x0000000008002ce8      0x11a ./Drivers/STM32F4xx_HAL_Driver/Src/stm32f4xx_hal_pcd.o
 *fill*         0x0000000008002e02        0x2 
 .text.PCD_EP_OutXfrComplete_int
                0x0000000008002e04      0x1d0 ./Drivers/STM32F4xx_HAL_Driver/Src/stm32f4xx_hal_pcd.o
 .text.PCD_EP_OutSetupPacket_int
                0x0000000008002fd4       0x8c ./Drivers/STM32F4xx_HAL_Driver/Src/stm32f4xx_hal_pcd.o
 .text.HAL_PCDEx_SetTxFiFo
                0x0000000008003060       0x8e ./Drivers/STM32F4xx_HAL_Driver/Src/stm32f4xx_hal_pcd_ex.o
                0x0000000008003060                HAL_PCDEx_SetTxFiFo
 .text.HAL_PCDEx_SetRxFiFo
                0x00000000080030ee       0x22 ./Drivers/STM32F4xx_HAL_Driver/Src/stm32f4xx_hal_pcd_ex.o
                0x00000000080030ee                HAL_PCDEx_SetRxFiFo
 .text.HAL_PCDEx_LPM_Callback
                0x0000000008003110       0x18 ./Drivers/STM32F4xx_HAL_Driver/Src/stm32f4xx_hal_pcd_ex.o
                0x0000000008003110                HAL_PCDEx_LPM_Callback
 .text.HAL_RCC_OscConfig
                0x0000000008003128      0x4f0 ./Drivers/STM32F4xx_HAL_Driver/Src/stm32f4xx_hal_rcc.o
                0x0000000008003128                HAL_RCC_OscConfig
 .text.HAL_RCC_ClockConfig
                0x0000000008003618      0x1cc ./Drivers/STM32F4xx_HAL_Driver/Src/stm32f4xx_hal_rcc.o
                0x0000000008003618                HAL_RCC_ClockConfig
 .text.HAL_RCC_GetSysClockFreq
                0x00000000080037e4      0x20c ./Drivers/STM32F4xx_HAL_Driver/Src/stm32f4xx_hal_rcc.o
                0x00000000080037e4                HAL_RCC_GetSysClockFreq
 .text.HAL_RCC_GetHCLKFreq
                0x00000000080039f0       0x18 ./Drivers/STM32F4xx_HAL_Driver/Src/stm32f4xx_hal_rcc.o
                0x00000000080039f0                HAL_RCC_GetHCLKFreq
 .text.HAL_RCC_GetPCLK1Freq
                0x0000000008003a08       0x28 ./Drivers/STM32F4xx_HAL_Driver/Src/stm32f4xx_hal_rcc.o
                0x0000000008003a08                HAL_RCC_GetPCLK1Freq
 .text.HAL_RCC_GetPCLK2Freq
                0x0000000008003a30       0x28 ./Drivers/STM32F4xx_HAL_Driver/Src/stm32f4xx_hal_rcc.o
                0x0000000008003a30                HAL_RCC_GetPCLK2Freq
 .text.HAL_UART_Init
                0x0000000008003a58       0x9a ./Drivers/STM32F4xx_HAL_Driver/Src/stm32f4xx_hal_uart.o
                0x0000000008003a58                HAL_UART_Init
 *fill*         0x0000000008003af2        0x2 
 .text.UART_SetConfig
                0x0000000008003af4      0x4e8 ./Drivers/STM32F4xx_HAL_Driver/Src/stm32f4xx_hal_uart.o
 .text.USB_CoreInit
                0x0000000008003fdc       0xc2 ./Drivers/STM32F4xx_HAL_Driver/Src/stm32f4xx_ll_usb.o
                0x0000000008003fdc                USB_CoreInit
 *fill*         0x000000000800409e        0x2 
 .text.USB_SetTurnaroundTime
                0x00000000080040a0      0x144 ./Drivers/STM32F4xx_HAL_Driver/Src/stm32f4xx_ll_usb.o
                0x00000000080040a0                USB_SetTurnaroundTime
 .text.USB_EnableGlobalInt
                0x00000000080041e4       0x22 ./Drivers/STM32F4xx_HAL_Driver/Src/stm32f4xx_ll_usb.o
                0x00000000080041e4                USB_EnableGlobalInt
 .text.USB_DisableGlobalInt
                0x0000000008004206       0x22 ./Drivers/STM32F4xx_HAL_Driver/Src/stm32f4xx_ll_usb.o
                0x0000000008004206                USB_DisableGlobalInt
 .text.USB_SetCurrentMode
                0x0000000008004228       0x98 ./Drivers/STM32F4xx_HAL_Driver/Src/stm32f4xx_ll_usb.o
                0x0000000008004228                USB_SetCurrentMode
 .text.USB_DevInit
                0x00000000080042c0      0x2c8 ./Drivers/STM32F4xx_HAL_Driver/Src/stm32f4xx_ll_usb.o
                0x00000000080042c0                USB_DevInit
 .text.USB_FlushTxFifo
                0x0000000008004588       0x68 ./Drivers/STM32F4xx_HAL_Driver/Src/stm32f4xx_ll_usb.o
                0x0000000008004588                USB_FlushTxFifo
 .text.USB_FlushRxFifo
                0x00000000080045f0       0x60 ./Drivers/STM32F4xx_HAL_Driver/Src/stm32f4xx_ll_usb.o
                0x00000000080045f0                USB_FlushRxFifo
 .text.USB_SetDevSpeed
                0x0000000008004650       0x32 ./Drivers/STM32F4xx_HAL_Driver/Src/stm32f4xx_ll_usb.o
                0x0000000008004650                USB_SetDevSpeed
 .text.USB_GetDevSpeed
                0x0000000008004682       0x4a ./Drivers/STM32F4xx_HAL_Driver/Src/stm32f4xx_ll_usb.o
                0x0000000008004682                USB_GetDevSpeed
 .text.USB_ActivateEndpoint
                0x00000000080046cc      0x10e ./Drivers/STM32F4xx_HAL_Driver/Src/stm32f4xx_ll_usb.o
                0x00000000080046cc                USB_ActivateEndpoint
 *fill*         0x00000000080047da        0x2 
 .text.USB_DeactivateEndpoint
                0x00000000080047dc      0x1b8 ./Drivers/STM32F4xx_HAL_Driver/Src/stm32f4xx_ll_usb.o
                0x00000000080047dc                USB_DeactivateEndpoint
 .text.USB_EPStartXfer
                0x0000000008004994      0x490 ./Drivers/STM32F4xx_HAL_Driver/Src/stm32f4xx_ll_usb.o
                0x0000000008004994                USB_EPStartXfer
 .text.USB_EP0StartXfer
                0x0000000008004e24      0x2b0 ./Drivers/STM32F4xx_HAL_Driver/Src/stm32f4xx_ll_usb.o
                0x0000000008004e24                USB_EP0StartXfer
 .text.USB_EPStopXfer
                0x00000000080050d4      0x154 ./Drivers/STM32F4xx_HAL_Driver/Src/stm32f4xx_ll_usb.o
                0x00000000080050d4                USB_EPStopXfer
 .text.USB_WritePacket
                0x0000000008005228       0x7c ./Drivers/STM32F4xx_HAL_Driver/Src/stm32f4xx_ll_usb.o
                0x0000000008005228                USB_WritePacket
 .text.USB_ReadPacket
                0x00000000080052a4       0xb0 ./Drivers/STM32F4xx_HAL_Driver/Src/stm32f4xx_ll_usb.o
                0x00000000080052a4                USB_ReadPacket
 .text.USB_EPSetStall
                0x0000000008005354       0xdc ./Drivers/STM32F4xx_HAL_Driver/Src/stm32f4xx_ll_usb.o
                0x0000000008005354                USB_EPSetStall
 .text.USB_EPClearStall
                0x0000000008005430       0xcc ./Drivers/STM32F4xx_HAL_Driver/Src/stm32f4xx_ll_usb.o
                0x0000000008005430                USB_EPClearStall
 .text.USB_SetDevAddress
                0x00000000080054fc       0x4c ./Drivers/STM32F4xx_HAL_Driver/Src/stm32f4xx_ll_usb.o
                0x00000000080054fc                USB_SetDevAddress
 .text.USB_DevConnect
                0x0000000008005548       0x42 ./Drivers/STM32F4xx_HAL_Driver/Src/stm32f4xx_ll_usb.o
                0x0000000008005548                USB_DevConnect
 .text.USB_DevDisconnect
                0x000000000800558a       0x42 ./Drivers/STM32F4xx_HAL_Driver/Src/stm32f4xx_ll_usb.o
                0x000000000800558a                USB_DevDisconnect
 .text.USB_ReadInterrupts
                0x00000000080055cc       0x26 ./Drivers/STM32F4xx_HAL_Driver/Src/stm32f4xx_ll_usb.o
                0x00000000080055cc                USB_ReadInterrupts
 .text.USB_ReadDevAllOutEpInterrupt
                0x00000000080055f2       0x34 ./Drivers/STM32F4xx_HAL_Driver/Src/stm32f4xx_ll_usb.o
                0x00000000080055f2                USB_ReadDevAllOutEpInterrupt
 .text.USB_ReadDevAllInEpInterrupt
                0x0000000008005626       0x34 ./Drivers/STM32F4xx_HAL_Driver/Src/stm32f4xx_ll_usb.o
                0x0000000008005626                USB_ReadDevAllInEpInterrupt
 .text.USB_ReadDevOutEPInterrupt
                0x000000000800565a       0x3c ./Drivers/STM32F4xx_HAL_Driver/Src/stm32f4xx_ll_usb.o
                0x000000000800565a                USB_ReadDevOutEPInterrupt
 .text.USB_ReadDevInEPInterrupt
                0x0000000008005696       0x5c ./Drivers/STM32F4xx_HAL_Driver/Src/stm32f4xx_ll_usb.o
                0x0000000008005696                USB_ReadDevInEPInterrupt
 .text.USB_GetMode
                0x00000000080056f2       0x1c ./Drivers/STM32F4xx_HAL_Driver/Src/stm32f4xx_ll_usb.o
                0x00000000080056f2                USB_GetMode
 .text.USB_ActivateSetup
                0x000000000800570e       0x46 ./Drivers/STM32F4xx_HAL_Driver/Src/stm32f4xx_ll_usb.o
                0x000000000800570e                USB_ActivateSetup
 .text.USB_EP0_OutStart
                0x0000000008005754       0xbc ./Drivers/STM32F4xx_HAL_Driver/Src/stm32f4xx_ll_usb.o
                0x0000000008005754                USB_EP0_OutStart
 .text.USB_CoreReset
                0x0000000008005810       0x68 ./Drivers/STM32F4xx_HAL_Driver/Src/stm32f4xx_ll_usb.o
 .text.USBD_HID_Init
                0x0000000008005878       0xcc ./Middlewares/ST/STM32_USB_Device_Library/Class/HID/Src/usbd_hid.o
 .text.USBD_HID_DeInit
                0x0000000008005944       0x90 ./Middlewares/ST/STM32_USB_Device_Library/Class/HID/Src/usbd_hid.o
 .text.USBD_HID_Setup
                0x00000000080059d4      0x210 ./Middlewares/ST/STM32_USB_Device_Library/Class/HID/Src/usbd_hid.o
 .text.USBD_HID_SendReport
                0x0000000008005be4       0x60 ./Middlewares/ST/STM32_USB_Device_Library/Class/HID/Src/usbd_hid.o
                0x0000000008005be4                USBD_HID_SendReport
 .text.USBD_HID_GetPollingInterval
                0x0000000008005c44       0x28 ./Middlewares/ST/STM32_USB_Device_Library/Class/HID/Src/usbd_hid.o
                0x0000000008005c44                USBD_HID_GetPollingInterval
 .text.USBD_HID_GetFSCfgDesc
                0x0000000008005c6c       0x34 ./Middlewares/ST/STM32_USB_Device_Library/Class/HID/Src/usbd_hid.o
 .text.USBD_HID_GetHSCfgDesc
                0x0000000008005ca0       0x34 ./Middlewares/ST/STM32_USB_Device_Library/Class/HID/Src/usbd_hid.o
 .text.USBD_HID_GetOtherSpeedCfgDesc
                0x0000000008005cd4       0x34 ./Middlewares/ST/STM32_USB_Device_Library/Class/HID/Src/usbd_hid.o
 .text.USBD_HID_DataIn
                0x0000000008005d08       0x2c ./Middlewares/ST/STM32_USB_Device_Library/Class/HID/Src/usbd_hid.o
 .text.USBD_HID_GetDeviceQualifierDesc
                0x0000000008005d34       0x20 ./Middlewares/ST/STM32_USB_Device_Library/Class/HID/Src/usbd_hid.o
 .text.USBD_Init
                0x0000000008005d54       0x60 ./Middlewares/ST/STM32_USB_Device_Library/Core/Src/usbd_core.o
                0x0000000008005d54                USBD_Init
 .text.USBD_RegisterClass
                0x0000000008005db4       0x6c ./Middlewares/ST/STM32_USB_Device_Library/Core/Src/usbd_core.o
                0x0000000008005db4                USBD_RegisterClass
 .text.USBD_Start
                0x0000000008005e20       0x18 ./Middlewares/ST/STM32_USB_Device_Library/Core/Src/usbd_core.o
                0x0000000008005e20                USBD_Start
 .text.USBD_RunTestMode
                0x0000000008005e38       0x16 ./Middlewares/ST/STM32_USB_Device_Library/Core/Src/usbd_core.o
                0x0000000008005e38                USBD_RunTestMode
 .text.USBD_SetClassConfig
                0x0000000008005e4e       0x38 ./Middlewares/ST/STM32_USB_Device_Library/Core/Src/usbd_core.o
                0x0000000008005e4e                USBD_SetClassConfig
 .text.USBD_ClrClassConfig
                0x0000000008005e86       0x34 ./Middlewares/ST/STM32_USB_Device_Library/Core/Src/usbd_core.o
                0x0000000008005e86                USBD_ClrClassConfig
 .text.USBD_LL_SetupStage
                0x0000000008005eba       0xaa ./Middlewares/ST/STM32_USB_Device_Library/Core/Src/usbd_core.o
                0x0000000008005eba                USBD_LL_SetupStage
 .text.USBD_LL_DataOutStage
                0x0000000008005f64      0x166 ./Middlewares/ST/STM32_USB_Device_Library/Core/Src/usbd_core.o
                0x0000000008005f64                USBD_LL_DataOutStage
 .text.USBD_LL_DataInStage
                0x00000000080060ca      0x164 ./Middlewares/ST/STM32_USB_Device_Library/Core/Src/usbd_core.o
                0x00000000080060ca                USBD_LL_DataInStage
 .text.USBD_LL_Reset
                0x000000000800622e       0xa4 ./Middlewares/ST/STM32_USB_Device_Library/Core/Src/usbd_core.o
                0x000000000800622e                USBD_LL_Reset
 .text.USBD_LL_SetSpeed
                0x00000000080062d2       0x20 ./Middlewares/ST/STM32_USB_Device_Library/Core/Src/usbd_core.o
                0x00000000080062d2                USBD_LL_SetSpeed
 .text.USBD_LL_Suspend
                0x00000000080062f2       0x2c ./Middlewares/ST/STM32_USB_Device_Library/Core/Src/usbd_core.o
                0x00000000080062f2                USBD_LL_Suspend
 .text.USBD_LL_Resume
                0x000000000800631e       0x30 ./Middlewares/ST/STM32_USB_Device_Library/Core/Src/usbd_core.o
                0x000000000800631e                USBD_LL_Resume
 .text.USBD_LL_SOF
                0x000000000800634e       0x40 ./Middlewares/ST/STM32_USB_Device_Library/Core/Src/usbd_core.o
                0x000000000800634e                USBD_LL_SOF
 .text.USBD_LL_IsoINIncomplete
                0x000000000800638e       0x64 ./Middlewares/ST/STM32_USB_Device_Library/Core/Src/usbd_core.o
                0x000000000800638e                USBD_LL_IsoINIncomplete
 .text.USBD_LL_IsoOUTIncomplete
                0x00000000080063f2       0x64 ./Middlewares/ST/STM32_USB_Device_Library/Core/Src/usbd_core.o
                0x00000000080063f2                USBD_LL_IsoOUTIncomplete
 .text.USBD_LL_DevConnected
                0x0000000008006456       0x16 ./Middlewares/ST/STM32_USB_Device_Library/Core/Src/usbd_core.o
                0x0000000008006456                USBD_LL_DevConnected
 .text.USBD_LL_DevDisconnected
                0x000000000800646c       0x46 ./Middlewares/ST/STM32_USB_Device_Library/Core/Src/usbd_core.o
                0x000000000800646c                USBD_LL_DevDisconnected
 .text.USBD_CoreFindIF
                0x00000000080064b2       0x1a ./Middlewares/ST/STM32_USB_Device_Library/Core/Src/usbd_core.o
                0x00000000080064b2                USBD_CoreFindIF
 .text.USBD_CoreFindEP
                0x00000000080064cc       0x1a ./Middlewares/ST/STM32_USB_Device_Library/Core/Src/usbd_core.o
                0x00000000080064cc                USBD_CoreFindEP
 .text.USBD_GetEpDesc
                0x00000000080064e6       0x74 ./Middlewares/ST/STM32_USB_Device_Library/Core/Src/usbd_core.o
                0x00000000080064e6                USBD_GetEpDesc
 .text.USBD_GetNextDesc
                0x000000000800655a       0x3a ./Middlewares/ST/STM32_USB_Device_Library/Core/Src/usbd_core.o
                0x000000000800655a                USBD_GetNextDesc
 .text.SWAPBYTE
                0x0000000008006594       0x3c ./Middlewares/ST/STM32_USB_Device_Library/Core/Src/usbd_ctlreq.o
 .text.USBD_StdDevReq
                0x00000000080065d0       0xe4 ./Middlewares/ST/STM32_USB_Device_Library/Core/Src/usbd_ctlreq.o
                0x00000000080065d0                USBD_StdDevReq
 .text.USBD_StdItfReq
                0x00000000080066b4       0xd8 ./Middlewares/ST/STM32_USB_Device_Library/Core/Src/usbd_ctlreq.o
                0x00000000080066b4                USBD_StdItfReq
 .text.USBD_StdEPReq
                0x000000000800678c      0x33a ./Middlewares/ST/STM32_USB_Device_Library/Core/Src/usbd_ctlreq.o
                0x000000000800678c                USBD_StdEPReq
 *fill*         0x0000000008006ac6        0x2 
 .text.USBD_GetDescriptor
                0x0000000008006ac8      0x2d4 ./Middlewares/ST/STM32_USB_Device_Library/Core/Src/usbd_ctlreq.o
 .text.USBD_SetAddress
                0x0000000008006d9c       0x88 ./Middlewares/ST/STM32_USB_Device_Library/Core/Src/usbd_ctlreq.o
 .text.USBD_SetConfig
                0x0000000008006e24      0x154 ./Middlewares/ST/STM32_USB_Device_Library/Core/Src/usbd_ctlreq.o
 .text.USBD_GetConfig
                0x0000000008006f78       0x6c ./Middlewares/ST/STM32_USB_Device_Library/Core/Src/usbd_ctlreq.o
 .text.USBD_GetStatus
                0x0000000008006fe4       0x68 ./Middlewares/ST/STM32_USB_Device_Library/Core/Src/usbd_ctlreq.o
 .text.USBD_SetFeature
                0x000000000800704c       0x52 ./Middlewares/ST/STM32_USB_Device_Library/Core/Src/usbd_ctlreq.o
 .text.USBD_ClrFeature
                0x000000000800709e       0x44 ./Middlewares/ST/STM32_USB_Device_Library/Core/Src/usbd_ctlreq.o
 .text.USBD_ParseSetupRequest
                0x00000000080070e2       0x74 ./Middlewares/ST/STM32_USB_Device_Library/Core/Src/usbd_ctlreq.o
                0x00000000080070e2                USBD_ParseSetupRequest
 .text.USBD_CtlError
                0x0000000008007156       0x22 ./Middlewares/ST/STM32_USB_Device_Library/Core/Src/usbd_ctlreq.o
                0x0000000008007156                USBD_CtlError
 .text.USBD_GetString
                0x0000000008007178       0x8c ./Middlewares/ST/STM32_USB_Device_Library/Core/Src/usbd_ctlreq.o
                0x0000000008007178                USBD_GetString
 .text.USBD_GetLen
                0x0000000008007204       0x34 ./Middlewares/ST/STM32_USB_Device_Library/Core/Src/usbd_ctlreq.o
 .text.USBD_CtlSendData
                0x0000000008007238       0x36 ./Middlewares/ST/STM32_USB_Device_Library/Core/Src/usbd_ioreq.o
                0x0000000008007238                USBD_CtlSendData
 .text.USBD_CtlContinueSendData
                0x000000000800726e       0x22 ./Middlewares/ST/STM32_USB_Device_Library/Core/Src/usbd_ioreq.o
                0x000000000800726e                USBD_CtlContinueSendData
 .text.USBD_CtlContinueRx
                0x0000000008007290       0x22 ./Middlewares/ST/STM32_USB_Device_Library/Core/Src/usbd_ioreq.o
                0x0000000008007290                USBD_CtlContinueRx
 .text.USBD_CtlSendStatus
                0x00000000080072b2       0x26 ./Middlewares/ST/STM32_USB_Device_Library/Core/Src/usbd_ioreq.o
                0x00000000080072b2                USBD_CtlSendStatus
 .text.USBD_CtlReceiveStatus
                0x00000000080072d8       0x26 ./Middlewares/ST/STM32_USB_Device_Library/Core/Src/usbd_ioreq.o
                0x00000000080072d8                USBD_CtlReceiveStatus
 *fill*         0x00000000080072fe        0x2 
 .text.MX_USB_DEVICE_Init
                0x0000000008007300       0x4c ./USB_DEVICE/App/usb_device.o
                0x0000000008007300                MX_USB_DEVICE_Init
 .text.USBD_FS_DeviceDescriptor
                0x000000000800734c       0x24 ./USB_DEVICE/App/usbd_desc.o
                0x000000000800734c                USBD_FS_DeviceDescriptor
 .text.USBD_FS_LangIDStrDescriptor
                0x0000000008007370       0x24 ./USB_DEVICE/App/usbd_desc.o
                0x0000000008007370                USBD_FS_LangIDStrDescriptor
 .text.USBD_FS_ProductStrDescriptor
                0x0000000008007394       0x3c ./USB_DEVICE/App/usbd_desc.o
                0x0000000008007394                USBD_FS_ProductStrDescriptor
 .text.USBD_FS_ManufacturerStrDescriptor
                0x00000000080073d0       0x28 ./USB_DEVICE/App/usbd_desc.o
                0x00000000080073d0                USBD_FS_ManufacturerStrDescriptor
 .text.USBD_FS_SerialStrDescriptor
                0x00000000080073f8       0x24 ./USB_DEVICE/App/usbd_desc.o
                0x00000000080073f8                USBD_FS_SerialStrDescriptor
 .text.USBD_FS_ConfigStrDescriptor
                0x000000000800741c       0x3c ./USB_DEVICE/App/usbd_desc.o
                0x000000000800741c                USBD_FS_ConfigStrDescriptor
 .text.USBD_FS_InterfaceStrDescriptor
                0x0000000008007458       0x3c ./USB_DEVICE/App/usbd_desc.o
                0x0000000008007458                USBD_FS_InterfaceStrDescriptor
 .text.Get_SerialNum
                0x0000000008007494       0x58 ./USB_DEVICE/App/usbd_desc.o
 .text.IntToUnicode
                0x00000000080074ec       0x7e ./USB_DEVICE/App/usbd_desc.o
 *fill*         0x000000000800756a        0x2 
 .text.HAL_PCD_MspInit
                0x000000000800756c       0xc4 ./USB_DEVICE/Target/usbd_conf.o
                0x000000000800756c                HAL_PCD_MspInit
 .text.HAL_PCD_SetupStageCallback
                0x0000000008007630       0x24 ./USB_DEVICE/Target/usbd_conf.o
                0x0000000008007630                HAL_PCD_SetupStageCallback
 .text.HAL_PCD_DataOutStageCallback
                0x0000000008007654       0x36 ./USB_DEVICE/Target/usbd_conf.o
                0x0000000008007654                HAL_PCD_DataOutStageCallback
 .text.HAL_PCD_DataInStageCallback
                0x000000000800768a       0x34 ./USB_DEVICE/Target/usbd_conf.o
                0x000000000800768a                HAL_PCD_DataInStageCallback
 .text.HAL_PCD_SOFCallback
                0x00000000080076be       0x1c ./USB_DEVICE/Target/usbd_conf.o
                0x00000000080076be                HAL_PCD_SOFCallback
 .text.HAL_PCD_ResetCallback
                0x00000000080076da       0x50 ./USB_DEVICE/Target/usbd_conf.o
                0x00000000080076da                HAL_PCD_ResetCallback
 *fill*         0x000000000800772a        0x2 
 .text.HAL_PCD_SuspendCallback
                0x000000000800772c       0x4c ./USB_DEVICE/Target/usbd_conf.o
                0x000000000800772c                HAL_PCD_SuspendCallback
 .text.HAL_PCD_ResumeCallback
                0x0000000008007778       0x1c ./USB_DEVICE/Target/usbd_conf.o
                0x0000000008007778                HAL_PCD_ResumeCallback
 .text.HAL_PCD_ISOOUTIncompleteCallback
                0x0000000008007794       0x24 ./USB_DEVICE/Target/usbd_conf.o
                0x0000000008007794                HAL_PCD_ISOOUTIncompleteCallback
 .text.HAL_PCD_ISOINIncompleteCallback
                0x00000000080077b8       0x24 ./USB_DEVICE/Target/usbd_conf.o
                0x00000000080077b8                HAL_PCD_ISOINIncompleteCallback
 .text.HAL_PCD_ConnectCallback
                0x00000000080077dc       0x1c ./USB_DEVICE/Target/usbd_conf.o
                0x00000000080077dc                HAL_PCD_ConnectCallback
 .text.HAL_PCD_DisconnectCallback
                0x00000000080077f8       0x1c ./USB_DEVICE/Target/usbd_conf.o
                0x00000000080077f8                HAL_PCD_DisconnectCallback
 .text.USBD_LL_Init
                0x0000000008007814       0x98 ./USB_DEVICE/Target/usbd_conf.o
                0x0000000008007814                USBD_LL_Init
 .text.USBD_LL_Start
                0x00000000080078ac       0x36 ./USB_DEVICE/Target/usbd_conf.o
                0x00000000080078ac                USBD_LL_Start
 .text.USBD_LL_OpenEP
                0x00000000080078e2       0x4c ./USB_DEVICE/Target/usbd_conf.o
                0x00000000080078e2                USBD_LL_OpenEP
 .text.USBD_LL_CloseEP
                0x000000000800792e       0x3e ./USB_DEVICE/Target/usbd_conf.o
                0x000000000800792e                USBD_LL_CloseEP
 .text.USBD_LL_StallEP
                0x000000000800796c       0x3e ./USB_DEVICE/Target/usbd_conf.o
                0x000000000800796c                USBD_LL_StallEP
 .text.USBD_LL_ClearStallEP
                0x00000000080079aa       0x3e ./USB_DEVICE/Target/usbd_conf.o
                0x00000000080079aa                USBD_LL_ClearStallEP
 .text.USBD_LL_IsStallEP
                0x00000000080079e8       0x58 ./USB_DEVICE/Target/usbd_conf.o
                0x00000000080079e8                USBD_LL_IsStallEP
 .text.USBD_LL_SetUSBAddress
                0x0000000008007a40       0x3e ./USB_DEVICE/Target/usbd_conf.o
                0x0000000008007a40                USBD_LL_SetUSBAddress
 .text.USBD_LL_Transmit
                0x0000000008007a7e       0x42 ./USB_DEVICE/Target/usbd_conf.o
                0x0000000008007a7e                USBD_LL_Transmit
 .text.USBD_LL_PrepareReceive
                0x0000000008007ac0       0x42 ./USB_DEVICE/Target/usbd_conf.o
                0x0000000008007ac0                USBD_LL_PrepareReceive
 *fill*         0x0000000008007b02        0x2 
 .text.USBD_static_malloc
                0x0000000008007b04       0x1c ./USB_DEVICE/Target/usbd_conf.o
                0x0000000008007b04                USBD_static_malloc
 .text.USBD_static_free
                0x0000000008007b20       0x14 ./USB_DEVICE/Target/usbd_conf.o
                0x0000000008007b20                USBD_static_free
 .text.USBD_Get_USB_Status
                0x0000000008007b34       0x58 ./USB_DEVICE/Target/usbd_conf.o
                0x0000000008007b34                USBD_Get_USB_Status
 .text.memset   0x0000000008007b8c       0x10 C:/appz/ST/STM32CubeIDE_1.10.1/STM32CubeIDE/plugins/com.st.stm32cube.ide.mcu.externaltools.gnu-tools-for-stm32.11.3.rel1.win32_1.1.0.202305231506/tools/bin/../lib/gcc/arm-none-eabi/11.3.1/../../../../arm-none-eabi/lib/thumb/v7e-m+fp/hard\libc_nano.a(libc_a-memset.o)
                0x0000000008007b8c                memset
 .text.__libc_init_array
                0x0000000008007b9c       0x48 C:/appz/ST/STM32CubeIDE_1.10.1/STM32CubeIDE/plugins/com.st.stm32cube.ide.mcu.externaltools.gnu-tools-for-stm32.11.3.rel1.win32_1.1.0.202305231506/tools/bin/../lib/gcc/arm-none-eabi/11.3.1/../../../../arm-none-eabi/lib/thumb/v7e-m+fp/hard\libc_nano.a(libc_a-init.o)
                0x0000000008007b9c                __libc_init_array
 .text.cosf     0x0000000008007be4       0x88 C:/appz/ST/STM32CubeIDE_1.10.1/STM32CubeIDE/plugins/com.st.stm32cube.ide.mcu.externaltools.gnu-tools-for-stm32.11.3.rel1.win32_1.1.0.202305231506/tools/bin/../lib/gcc/arm-none-eabi/11.3.1/../../../../arm-none-eabi/lib/thumb/v7e-m+fp/hard\libm.a(libm_a-sf_cos.o)
                0x0000000008007be4                cosf
 .text.sinf     0x0000000008007c6c       0x8c C:/appz/ST/STM32CubeIDE_1.10.1/STM32CubeIDE/plugins/com.st.stm32cube.ide.mcu.externaltools.gnu-tools-for-stm32.11.3.rel1.win32_1.1.0.202305231506/tools/bin/../lib/gcc/arm-none-eabi/11.3.1/../../../../arm-none-eabi/lib/thumb/v7e-m+fp/hard\libm.a(libm_a-sf_sin.o)
                0x0000000008007c6c                sinf
 .text.__kernel_cosf
                0x0000000008007cf8       0xbc C:/appz/ST/STM32CubeIDE_1.10.1/STM32CubeIDE/plugins/com.st.stm32cube.ide.mcu.externaltools.gnu-tools-for-stm32.11.3.rel1.win32_1.1.0.202305231506/tools/bin/../lib/gcc/arm-none-eabi/11.3.1/../../../../arm-none-eabi/lib/thumb/v7e-m+fp/hard\libm.a(libm_a-kf_cos.o)
                0x0000000008007cf8                __kernel_cosf
 .text.__kernel_sinf
                0x0000000008007db4       0x90 C:/appz/ST/STM32CubeIDE_1.10.1/STM32CubeIDE/plugins/com.st.stm32cube.ide.mcu.externaltools.gnu-tools-for-stm32.11.3.rel1.win32_1.1.0.202305231506/tools/bin/../lib/gcc/arm-none-eabi/11.3.1/../../../../arm-none-eabi/lib/thumb/v7e-m+fp/hard\libm.a(libm_a-kf_sin.o)
                0x0000000008007db4                __kernel_sinf
 .text.__ieee754_rem_pio2f
                0x0000000008007e44      0x258 C:/appz/ST/STM32CubeIDE_1.10.1/STM32CubeIDE/plugins/com.st.stm32cube.ide.mcu.externaltools.gnu-tools-for-stm32.11.3.rel1.win32_1.1.0.202305231506/tools/bin/../lib/gcc/arm-none-eabi/11.3.1/../../../../arm-none-eabi/lib/thumb/v7e-m+fp/hard\libm.a(libm_a-ef_rem_pio2.o)
                0x0000000008007e44                __ieee754_rem_pio2f
 .text.fabsf    0x000000000800809c        0xe C:/appz/ST/STM32CubeIDE_1.10.1/STM32CubeIDE/plugins/com.st.stm32cube.ide.mcu.externaltools.gnu-tools-for-stm32.11.3.rel1.win32_1.1.0.202305231506/tools/bin/../lib/gcc/arm-none-eabi/11.3.1/../../../../arm-none-eabi/lib/thumb/v7e-m+fp/hard\libm.a(libm_a-sf_fabs.o)
                0x000000000800809c                fabsf
 *fill*         0x00000000080080aa        0x2 
 .text.__kernel_rem_pio2f
                0x00000000080080ac      0x4e4 C:/appz/ST/STM32CubeIDE_1.10.1/STM32CubeIDE/plugins/com.st.stm32cube.ide.mcu.externaltools.gnu-tools-for-stm32.11.3.rel1.win32_1.1.0.202305231506/tools/bin/../lib/gcc/arm-none-eabi/11.3.1/../../../../arm-none-eabi/lib/thumb/v7e-m+fp/hard\libm.a(libm_a-kf_rem_pio2.o)
                0x00000000080080ac                __kernel_rem_pio2f
 .text.scalbnf  0x0000000008008590       0xcc C:/appz/ST/STM32CubeIDE_1.10.1/STM32CubeIDE/plugins/com.st.stm32cube.ide.mcu.externaltools.gnu-tools-for-stm32.11.3.rel1.win32_1.1.0.202305231506/tools/bin/../lib/gcc/arm-none-eabi/11.3.1/../../../../arm-none-eabi/lib/thumb/v7e-m+fp/hard\libm.a(libm_a-sf_scalbn.o)
                0x0000000008008590                scalbnf
 .text.floorf   0x000000000800865c       0x84 C:/appz/ST/STM32CubeIDE_1.10.1/STM32CubeIDE/plugins/com.st.stm32cube.ide.mcu.externaltools.gnu-tools-for-stm32.11.3.rel1.win32_1.1.0.202305231506/tools/bin/../lib/gcc/arm-none-eabi/11.3.1/../../../../arm-none-eabi/lib/thumb/v7e-m+fp/hard\libm.a(libm_a-sf_floor.o)
                0x000000000800865c                floorf
 *(.glue_7)
 .glue_7        0x00000000080086e0        0x0 linker stubs
 *(.glue_7t)
 .glue_7t       0x00000000080086e0        0x0 linker stubs
 *(.eh_frame)
 .eh_frame      0x00000000080086e0        0x0 C:/appz/ST/STM32CubeIDE_1.10.1/STM32CubeIDE/plugins/com.st.stm32cube.ide.mcu.externaltools.gnu-tools-for-stm32.11.3.rel1.win32_1.1.0.202305231506/tools/bin/../lib/gcc/arm-none-eabi/11.3.1/thumb/v7e-m+fp/hard/crtbegin.o
 *(.init)
 .init          0x00000000080086e0        0x4 C:/appz/ST/STM32CubeIDE_1.10.1/STM32CubeIDE/plugins/com.st.stm32cube.ide.mcu.externaltools.gnu-tools-for-stm32.11.3.rel1.win32_1.1.0.202305231506/tools/bin/../lib/gcc/arm-none-eabi/11.3.1/thumb/v7e-m+fp/hard/crti.o
                0x00000000080086e0                _init
 .init          0x00000000080086e4        0x8 C:/appz/ST/STM32CubeIDE_1.10.1/STM32CubeIDE/plugins/com.st.stm32cube.ide.mcu.externaltools.gnu-tools-for-stm32.11.3.rel1.win32_1.1.0.202305231506/tools/bin/../lib/gcc/arm-none-eabi/11.3.1/thumb/v7e-m+fp/hard/crtn.o
 *(.fini)
 .fini          0x00000000080086ec        0x4 C:/appz/ST/STM32CubeIDE_1.10.1/STM32CubeIDE/plugins/com.st.stm32cube.ide.mcu.externaltools.gnu-tools-for-stm32.11.3.rel1.win32_1.1.0.202305231506/tools/bin/../lib/gcc/arm-none-eabi/11.3.1/thumb/v7e-m+fp/hard/crti.o
                0x00000000080086ec                _fini
 .fini          0x00000000080086f0        0x8 C:/appz/ST/STM32CubeIDE_1.10.1/STM32CubeIDE/plugins/com.st.stm32cube.ide.mcu.externaltools.gnu-tools-for-stm32.11.3.rel1.win32_1.1.0.202305231506/tools/bin/../lib/gcc/arm-none-eabi/11.3.1/thumb/v7e-m+fp/hard/crtn.o
                0x00000000080086f8                . = ALIGN (0x4)
                0x00000000080086f8                _etext = .

.vfp11_veneer   0x00000000080086f8        0x0
 .vfp11_veneer  0x00000000080086f8        0x0 linker stubs

.v4_bx          0x00000000080086f8        0x0
 .v4_bx         0x00000000080086f8        0x0 linker stubs

.iplt           0x00000000080086f8        0x0
 .iplt          0x00000000080086f8        0x0 C:/appz/ST/STM32CubeIDE_1.10.1/STM32CubeIDE/plugins/com.st.stm32cube.ide.mcu.externaltools.gnu-tools-for-stm32.11.3.rel1.win32_1.1.0.202305231506/tools/bin/../lib/gcc/arm-none-eabi/11.3.1/thumb/v7e-m+fp/hard/crtbegin.o

.rodata         0x00000000080086f8      0x438
                0x00000000080086f8                . = ALIGN (0x4)
 *(.rodata)
 .rodata        0x00000000080086f8       0x46 ./USB_DEVICE/App/usbd_desc.o
 *(.rodata*)
 *fill*         0x000000000800873e        0x2 
 .rodata.full_circle.2
                0x0000000008008740        0x4 ./Core/Src/main.o
 .rodata.no_of_segments.1
                0x0000000008008744        0x1 ./Core/Src/main.o
 *fill*         0x0000000008008745        0x3 
 .rodata.AHBPrescTable
                0x0000000008008748       0x10 ./Core/Src/system_stm32f4xx.o
                0x0000000008008748                AHBPrescTable
 .rodata.APBPrescTable
                0x0000000008008758        0x8 ./Core/Src/system_stm32f4xx.o
                0x0000000008008758                APBPrescTable
 .rodata.npio2_hw
                0x0000000008008760       0x80 C:/appz/ST/STM32CubeIDE_1.10.1/STM32CubeIDE/plugins/com.st.stm32cube.ide.mcu.externaltools.gnu-tools-for-stm32.11.3.rel1.win32_1.1.0.202305231506/tools/bin/../lib/gcc/arm-none-eabi/11.3.1/../../../../arm-none-eabi/lib/thumb/v7e-m+fp/hard\libm.a(libm_a-ef_rem_pio2.o)
 .rodata.two_over_pi
                0x00000000080087e0      0x318 C:/appz/ST/STM32CubeIDE_1.10.1/STM32CubeIDE/plugins/com.st.stm32cube.ide.mcu.externaltools.gnu-tools-for-stm32.11.3.rel1.win32_1.1.0.202305231506/tools/bin/../lib/gcc/arm-none-eabi/11.3.1/../../../../arm-none-eabi/lib/thumb/v7e-m+fp/hard\libm.a(libm_a-ef_rem_pio2.o)
 .rodata.PIo2   0x0000000008008af8       0x2c C:/appz/ST/STM32CubeIDE_1.10.1/STM32CubeIDE/plugins/com.st.stm32cube.ide.mcu.externaltools.gnu-tools-for-stm32.11.3.rel1.win32_1.1.0.202305231506/tools/bin/../lib/gcc/arm-none-eabi/11.3.1/../../../../arm-none-eabi/lib/thumb/v7e-m+fp/hard\libm.a(libm_a-kf_rem_pio2.o)
 .rodata.init_jk
                0x0000000008008b24        0xc C:/appz/ST/STM32CubeIDE_1.10.1/STM32CubeIDE/plugins/com.st.stm32cube.ide.mcu.externaltools.gnu-tools-for-stm32.11.3.rel1.win32_1.1.0.202305231506/tools/bin/../lib/gcc/arm-none-eabi/11.3.1/../../../../arm-none-eabi/lib/thumb/v7e-m+fp/hard\libm.a(libm_a-kf_rem_pio2.o)
                0x0000000008008b30                . = ALIGN (0x4)

.ARM.extab      0x0000000008008b30        0x0
                0x0000000008008b30                . = ALIGN (0x4)
 *(.ARM.extab* .gnu.linkonce.armextab.*)
                0x0000000008008b30                . = ALIGN (0x4)

.ARM            0x0000000008008b30        0x8
                0x0000000008008b30                . = ALIGN (0x4)
                0x0000000008008b30                __exidx_start = .
 *(.ARM.exidx*)
 .ARM.exidx     0x0000000008008b30        0x8 C:/appz/ST/STM32CubeIDE_1.10.1/STM32CubeIDE/plugins/com.st.stm32cube.ide.mcu.externaltools.gnu-tools-for-stm32.11.3.rel1.win32_1.1.0.202305231506/tools/bin/../lib/gcc/arm-none-eabi/11.3.1/thumb/v7e-m+fp/hard\libgcc.a(_udivmoddi4.o)
                0x0000000008008b38                __exidx_end = .
                0x0000000008008b38                . = ALIGN (0x4)

.rel.dyn        0x0000000008008b38        0x0
 .rel.iplt      0x0000000008008b38        0x0 C:/appz/ST/STM32CubeIDE_1.10.1/STM32CubeIDE/plugins/com.st.stm32cube.ide.mcu.externaltools.gnu-tools-for-stm32.11.3.rel1.win32_1.1.0.202305231506/tools/bin/../lib/gcc/arm-none-eabi/11.3.1/thumb/v7e-m+fp/hard/crtbegin.o

.preinit_array  0x0000000008008b38        0x0
                0x0000000008008b38                . = ALIGN (0x4)
                0x0000000008008b38                PROVIDE (__preinit_array_start = .)
 *(.preinit_array*)
                0x0000000008008b38                PROVIDE (__preinit_array_end = .)
                0x0000000008008b38                . = ALIGN (0x4)

.init_array     0x0000000008008b38        0x4
                0x0000000008008b38                . = ALIGN (0x4)
                0x0000000008008b38                PROVIDE (__init_array_start = .)
 *(SORT_BY_NAME(.init_array.*))
 *(.init_array*)
 .init_array    0x0000000008008b38        0x4 C:/appz/ST/STM32CubeIDE_1.10.1/STM32CubeIDE/plugins/com.st.stm32cube.ide.mcu.externaltools.gnu-tools-for-stm32.11.3.rel1.win32_1.1.0.202305231506/tools/bin/../lib/gcc/arm-none-eabi/11.3.1/thumb/v7e-m+fp/hard/crtbegin.o
                0x0000000008008b3c                PROVIDE (__init_array_end = .)
                0x0000000008008b3c                . = ALIGN (0x4)

.fini_array     0x0000000008008b3c        0x4
                0x0000000008008b3c                . = ALIGN (0x4)
                [!provide]                        PROVIDE (__fini_array_start = .)
 *(SORT_BY_NAME(.fini_array.*))
 *(.fini_array*)
 .fini_array    0x0000000008008b3c        0x4 C:/appz/ST/STM32CubeIDE_1.10.1/STM32CubeIDE/plugins/com.st.stm32cube.ide.mcu.externaltools.gnu-tools-for-stm32.11.3.rel1.win32_1.1.0.202305231506/tools/bin/../lib/gcc/arm-none-eabi/11.3.1/thumb/v7e-m+fp/hard/crtbegin.o
                [!provide]                        PROVIDE (__fini_array_end = .)
                0x0000000008008b40                . = ALIGN (0x4)
                0x0000000008008b40                _sidata = LOADADDR (.data)

.data           0x0000000020000000      0x11c load address 0x0000000008008b40
                0x0000000020000000                . = ALIGN (0x4)
                0x0000000020000000                _sdata = .
 *(.data)
 *(.data*)
 .data.SystemCoreClock
                0x0000000020000000        0x4 ./Core/Src/system_stm32f4xx.o
                0x0000000020000000                SystemCoreClock
 .data.uwTickPrio
                0x0000000020000004        0x4 ./Drivers/STM32F4xx_HAL_Driver/Src/stm32f4xx_hal.o
                0x0000000020000004                uwTickPrio
 .data.uwTickFreq
                0x0000000020000008        0x1 ./Drivers/STM32F4xx_HAL_Driver/Src/stm32f4xx_hal.o
                0x0000000020000008                uwTickFreq
 *fill*         0x0000000020000009        0x3 
 .data.USBD_HID
                0x000000002000000c       0x38 ./Middlewares/ST/STM32_USB_Device_Library/Class/HID/Src/usbd_hid.o
                0x000000002000000c                USBD_HID
 .data.USBD_HID_CfgDesc
                0x0000000020000044       0x22 ./Middlewares/ST/STM32_USB_Device_Library/Class/HID/Src/usbd_hid.o
 *fill*         0x0000000020000066        0x2 
 .data.USBD_HID_Desc
                0x0000000020000068        0x9 ./Middlewares/ST/STM32_USB_Device_Library/Class/HID/Src/usbd_hid.o
 *fill*         0x0000000020000071        0x3 
 .data.USBD_HID_DeviceQualifierDesc
                0x0000000020000074        0xa ./Middlewares/ST/STM32_USB_Device_Library/Class/HID/Src/usbd_hid.o
 *fill*         0x000000002000007e        0x2 
 .data.HID_MOUSE_ReportDesc
                0x0000000020000080       0x4a ./Middlewares/ST/STM32_USB_Device_Library/Class/HID/Src/usbd_hid.o
 .data.HIDInEpAdd
                0x00000000200000ca        0x1 ./Middlewares/ST/STM32_USB_Device_Library/Class/HID/Src/usbd_hid.o
 *fill*         0x00000000200000cb        0x1 
 .data.FS_Desc  0x00000000200000cc       0x1c ./USB_DEVICE/App/usbd_desc.o
                0x00000000200000cc                FS_Desc
 .data.USBD_FS_DeviceDesc
                0x00000000200000e8       0x12 ./USB_DEVICE/App/usbd_desc.o
                0x00000000200000e8                USBD_FS_DeviceDesc
 *fill*         0x00000000200000fa        0x2 
 .data.USBD_LangIDDesc
                0x00000000200000fc        0x4 ./USB_DEVICE/App/usbd_desc.o
                0x00000000200000fc                USBD_LangIDDesc
 .data.USBD_StringSerial
                0x0000000020000100       0x1a ./USB_DEVICE/App/usbd_desc.o
                0x0000000020000100                USBD_StringSerial
 *(.RamFunc)
 *(.RamFunc*)
                0x000000002000011c                . = ALIGN (0x4)
 *fill*         0x000000002000011a        0x2 
                0x000000002000011c                _edata = .
                0x0000000008008c5c                _siccmram = LOADADDR (.ccmram)

.igot.plt       0x000000002000011c        0x0 load address 0x0000000008008c5c
 .igot.plt      0x000000002000011c        0x0 C:/appz/ST/STM32CubeIDE_1.10.1/STM32CubeIDE/plugins/com.st.stm32cube.ide.mcu.externaltools.gnu-tools-for-stm32.11.3.rel1.win32_1.1.0.202305231506/tools/bin/../lib/gcc/arm-none-eabi/11.3.1/thumb/v7e-m+fp/hard/crtbegin.o

.ccmram         0x0000000010000000        0x0 load address 0x0000000008008c5c
                0x0000000010000000                . = ALIGN (0x4)
                0x0000000010000000                _sccmram = .
 *(.ccmram)
 *(.ccmram*)
                0x0000000010000000                . = ALIGN (0x4)
                0x0000000010000000                _eccmram = .
                0x0000000010000000                . = ALIGN (0x4)

.bss            0x000000002000011c      0xa6c
                0x000000002000011c                _sbss = .
                0x000000002000011c                __bss_start__ = _sbss
 *(.bss)
 .bss           0x000000002000011c       0x1c C:/appz/ST/STM32CubeIDE_1.10.1/STM32CubeIDE/plugins/com.st.stm32cube.ide.mcu.externaltools.gnu-tools-for-stm32.11.3.rel1.win32_1.1.0.202305231506/tools/bin/../lib/gcc/arm-none-eabi/11.3.1/thumb/v7e-m+fp/hard/crtbegin.o
 *(.bss*)
 .bss.huart3    0x0000000020000138       0x44 ./Core/Src/main.o
                0x0000000020000138                huart3
 .bss.draw_face_requested
                0x000000002000017c        0x1 ./Core/Src/main.o
 *fill*         0x000000002000017d        0x3 
 .bss.last_button_tick.0
                0x0000000020000180        0x4 ./Core/Src/main.o
 .bss.uwTick    0x0000000020000184        0x4 ./Drivers/STM32F4xx_HAL_Driver/Src/stm32f4xx_hal.o
                0x0000000020000184                uwTick
 .bss.cfgidx.0  0x0000000020000188        0x1 ./Middlewares/ST/STM32_USB_Device_Library/Core/Src/usbd_ctlreq.o
 *fill*         0x0000000020000189        0x3 
 .bss.hUsbDeviceFS
                0x000000002000018c      0x2dc ./USB_DEVICE/App/usb_device.o
                0x000000002000018c                hUsbDeviceFS
 .bss.USBD_StrDesc
                0x0000000020000468      0x200 ./USB_DEVICE/App/usbd_desc.o
                0x0000000020000468                USBD_StrDesc
 .bss.hpcd_USB_OTG_FS
                0x0000000020000668      0x50c ./USB_DEVICE/Target/usbd_conf.o
                0x0000000020000668                hpcd_USB_OTG_FS
 .bss.mem.0     0x0000000020000b74       0x14 ./USB_DEVICE/Target/usbd_conf.o
 *(COMMON)
                0x0000000020000b88                . = ALIGN (0x4)
                0x0000000020000b88                _ebss = .
                0x0000000020000b88                __bss_end__ = _ebss

._user_heap_stack
                0x0000000020000b88      0x600
                0x0000000020000b88                . = ALIGN (0x8)
                [!provide]                        PROVIDE (end = .)
                0x0000000020000b88                PROVIDE (_end = .)
                0x0000000020000d88                . = (. + _Min_Heap_Size)
 *fill*         0x0000000020000b88      0x200 
                0x0000000020001188                . = (. + _Min_Stack_Size)
 *fill*         0x0000000020000d88      0x400 
                0x0000000020001188                . = ALIGN (0x8)

/DISCARD/
 libc.a(*)
 libm.a(*)
 libgcc.a(*)

.ARM.attributes
                0x0000000000000000       0x30
 *(.ARM.attributes)
 .ARM.attributes
                0x0000000000000000       0x1e C:/appz/ST/STM32CubeIDE_1.10.1/STM32CubeIDE/plugins/com.st.stm32cube.ide.mcu.externaltools.gnu-tools-for-stm32.11.3.rel1.win32_1.1.0.202305231506/tools/bin/../lib/gcc/arm-none-eabi/11.3.1/thumb/v7e-m+fp/hard/crti.o
 .ARM.attributes
                0x000000000000001e       0x34 C:/appz/ST/STM32CubeIDE_1.10.1/STM32CubeIDE/plugins/com.st.stm32cube.ide.mcu.externaltools.gnu-tools-for-stm32.11.3.rel1.win32_1.1.0.202305231506/tools/bin/../lib/gcc/arm-none-eabi/11.3.1/thumb/v7e-m+fp/hard/crtbegin.o
 .ARM.attributes
                0x0000000000000052       0x34 ./Core/Src/main.o
 .ARM.attributes
                0x0000000000000086       0x34 ./Core/Src/stm32f4xx_hal_msp.o
 .ARM.attributes
                0x00000000000000ba       0x34 ./Core/Src/stm32f4xx_it.o
 .ARM.attributes
                0x00000000000000ee       0x34 ./Core/Src/system_stm32f4xx.o
 .ARM.attributes
                0x0000000000000122       0x21 ./Core/Startup/startup_stm32f429zitx.o
 .ARM.attributes
                0x0000000000000143       0x34 ./Drivers/STM32F4xx_HAL_Driver/Src/stm32f4xx_hal.o
 .ARM.attributes
                0x0000000000000177       0x34 ./Drivers/STM32F4xx_HAL_Driver/Src/stm32f4xx_hal_cortex.o
 .ARM.attributes
                0x00000000000001ab       0x34 ./Drivers/STM32F4xx_HAL_Driver/Src/stm32f4xx_hal_gpio.o
 .ARM.attributes
                0x00000000000001df       0x34 ./Drivers/STM32F4xx_HAL_Driver/Src/stm32f4xx_hal_pcd.o
 .ARM.attributes
                0x0000000000000213       0x34 ./Drivers/STM32F4xx_HAL_Driver/Src/stm32f4xx_hal_pcd_ex.o
 .ARM.attributes
                0x0000000000000247       0x34 ./Drivers/STM32F4xx_HAL_Driver/Src/stm32f4xx_hal_rcc.o
 .ARM.attributes
                0x000000000000027b       0x34 ./Drivers/STM32F4xx_HAL_Driver/Src/stm32f4xx_hal_uart.o
 .ARM.attributes
                0x00000000000002af       0x34 ./Drivers/STM32F4xx_HAL_Driver/Src/stm32f4xx_ll_usb.o
 .ARM.attributes
                0x00000000000002e3       0x34 ./Middlewares/ST/STM32_USB_Device_Library/Class/HID/Src/usbd_hid.o
 .ARM.attributes
                0x0000000000000317       0x34 ./Middlewares/ST/STM32_USB_Device_Library/Core/Src/usbd_core.o
 .ARM.attributes
                0x000000000000034b       0x34 ./Middlewares/ST/STM32_USB_Device_Library/Core/Src/usbd_ctlreq.o
 .ARM.attributes
                0x000000000000037f       0x34 ./Middlewares/ST/STM32_USB_Device_Library/Core/Src/usbd_ioreq.o
 .ARM.attributes
                0x00000000000003b3       0x34 ./USB_DEVICE/App/usb_device.o
 .ARM.attributes
                0x00000000000003e7       0x34 ./USB_DEVICE/App/usbd_desc.o
 .ARM.attributes
                0x000000000000041b       0x34 ./USB_DEVICE/Target/usbd_conf.o
 .ARM.attributes
                0x000000000000044f       0x34 C:/appz/ST/STM32CubeIDE_1.10.1/STM32CubeIDE/plugins/com.st.stm32cube.ide.mcu.externaltools.gnu-tools-for-stm32.11.3.rel1.win32_1.1.0.202305231506/tools/bin/../lib/gcc/arm-none-eabi/11.3.1/../../../../arm-none-eabi/lib/thumb/v7e-m+fp/hard\libc_nano.a(libc_a-memset.o)
 .ARM.attributes
                0x0000000000000483       0x34 C:/appz/ST/STM32CubeIDE_1.10.1/STM32CubeIDE/plugins/com.st.stm32cube.ide.mcu.externaltools.gnu-tools-for-stm32.11.3.rel1.win32_1.1.0.202305231506/tools/bin/../lib/gcc/arm-none-eabi/11.3.1/../../../../arm-none-eabi/lib/thumb/v7e-m+fp/hard\libc_nano.a(libc_a-init.o)
 .ARM.attributes
                0x00000000000004b7       0x34 C:/appz/ST/STM32CubeIDE_1.10.1/STM32CubeIDE/plugins/com.st.stm32cube.ide.mcu.externaltools.gnu-tools-for-stm32.11.3.rel1.win32_1.1.0.202305231506/tools/bin/../lib/gcc/arm-none-eabi/11.3.1/../../../../arm-none-eabi/lib/thumb/v7e-m+fp/hard\libm.a(libm_a-sf_cos.o)
 .ARM.attributes
                0x00000000000004eb       0x34 C:/appz/ST/STM32CubeIDE_1.10.1/STM32CubeIDE/plugins/com.st.stm32cube.ide.mcu.externaltools.gnu-tools-for-stm32.11.3.rel1.win32_1.1.0.202305231506/tools/bin/../lib/gcc/arm-none-eabi/11.3.1/../../../../arm-none-eabi/lib/thumb/v7e-m+fp/hard\libm.a(libm_a-sf_sin.o)
 .ARM.attributes
                0x000000000000051f       0x34 C:/appz/ST/STM32CubeIDE_1.10.1/STM32CubeIDE/plugins/com.st.stm32cube.ide.mcu.externaltools.gnu-tools-for-stm32.11.3.rel1.win32_1.1.0.202305231506/tools/bin/../lib/gcc/arm-none-eabi/11.3.1/../../../../arm-none-eabi/lib/thumb/v7e-m+fp/hard\libm.a(libm_a-kf_cos.o)
 .ARM.attributes
                0x0000000000000553       0x34 C:/appz/ST/STM32CubeIDE_1.10.1/STM32CubeIDE/plugins/com.st.stm32cube.ide.mcu.externaltools.gnu-tools-for-stm32.11.3.rel1.win32_1.1.0.202305231506/tools/bin/../lib/gcc/arm-none-eabi/11.3.1/../../../../arm-none-eabi/lib/thumb/v7e-m+fp/hard\libm.a(libm_a-kf_sin.o)
 .ARM.attributes
                0x0000000000000587       0x34 C:/appz/ST/STM32CubeIDE_1.10.1/STM32CubeIDE/plugins/com.st.stm32cube.ide.mcu.externaltools.gnu-tools-for-stm32.11.3.rel1.win32_1.1.0.202305231506/tools/bin/../lib/gcc/arm-none-eabi/11.3.1/../../../../arm-none-eabi/lib/thumb/v7e-m+fp/hard\libm.a(libm_a-ef_rem_pio2.o)
 .ARM.attributes
                0x00000000000005bb       0x34 C:/appz/ST/STM32CubeIDE_1.10.1/STM32CubeIDE/plugins/com.st.stm32cube.ide.mcu.externaltools.gnu-tools-for-stm32.11.3.rel1.win32_1.1.0.202305231506/tools/bin/../lib/gcc/arm-none-eabi/11.3.1/../../../../arm-none-eabi/lib/thumb/v7e-m+fp/hard\libm.a(libm_a-sf_fabs.o)
 .ARM.attributes
                0x00000000000005ef       0x34 C:/appz/ST/STM32CubeIDE_1.10.1/STM32CubeIDE/plugins/com.st.stm32cube.ide.mcu.externaltools.gnu-tools-for-stm32.11.3.rel1.win32_1.1.0.202305231506/tools/bin/../lib/gcc/arm-none-eabi/11.3.1/../../../../arm-none-eabi/lib/thumb/v7e-m+fp/hard\libm.a(libm_a-kf_rem_pio2.o)
 .ARM.attributes
                0x0000000000000623       0x34 C:/appz/ST/STM32CubeIDE_1.10.1/STM32CubeIDE/plugins/com.st.stm32cube.ide.mcu.externaltools.gnu-tools-for-stm32.11.3.rel1.win32_1.1.0.202305231506/tools/bin/../lib/gcc/arm-none-eabi/11.3.1/../../../../arm-none-eabi/lib/thumb/v7e-m+fp/hard\libm.a(libm_a-sf_scalbn.o)
 .ARM.attributes
                0x0000000000000657       0x34 C:/appz/ST/STM32CubeIDE_1.10.1/STM32CubeIDE/plugins/com.st.stm32cube.ide.mcu.externaltools.gnu-tools-for-stm32.11.3.rel1.win32_1.1.0.202305231506/tools/bin/../lib/gcc/arm-none-eabi/11.3.1/../../../../arm-none-eabi/lib/thumb/v7e-m+fp/hard\libm.a(libm_a-sf_floor.o)
 .ARM.attributes
                0x000000000000068b       0x1e C:/appz/ST/STM32CubeIDE_1.10.1/STM32CubeIDE/plugins/com.st.stm32cube.ide.mcu.externaltools.gnu-tools-for-stm32.11.3.rel1.win32_1.1.0.202305231506/tools/bin/../lib/gcc/arm-none-eabi/11.3.1/thumb/v7e-m+fp/hard\libgcc.a(_arm_muldf3.o)
 .ARM.attributes
                0x00000000000006a9       0x1e C:/appz/ST/STM32CubeIDE_1.10.1/STM32CubeIDE/plugins/com.st.stm32cube.ide.mcu.externaltools.gnu-tools-for-stm32.11.3.rel1.win32_1.1.0.202305231506/tools/bin/../lib/gcc/arm-none-eabi/11.3.1/thumb/v7e-m+fp/hard\libgcc.a(_arm_addsubdf3.o)
 .ARM.attributes
                0x00000000000006c7       0x1e C:/appz/ST/STM32CubeIDE_1.10.1/STM32CubeIDE/plugins/com.st.stm32cube.ide.mcu.externaltools.gnu-tools-for-stm32.11.3.rel1.win32_1.1.0.202305231506/tools/bin/../lib/gcc/arm-none-eabi/11.3.1/thumb/v7e-m+fp/hard\libgcc.a(_arm_truncdfsf2.o)
 .ARM.attributes
                0x00000000000006e5       0x1e C:/appz/ST/STM32CubeIDE_1.10.1/STM32CubeIDE/plugins/com.st.stm32cube.ide.mcu.externaltools.gnu-tools-for-stm32.11.3.rel1.win32_1.1.0.202305231506/tools/bin/../lib/gcc/arm-none-eabi/11.3.1/thumb/v7e-m+fp/hard\libgcc.a(_aeabi_uldivmod.o)
 .ARM.attributes
                0x0000000000000703       0x34 C:/appz/ST/STM32CubeIDE_1.10.1/STM32CubeIDE/plugins/com.st.stm32cube.ide.mcu.externaltools.gnu-tools-for-stm32.11.3.rel1.win32_1.1.0.202305231506/tools/bin/../lib/gcc/arm-none-eabi/11.3.1/thumb/v7e-m+fp/hard\libgcc.a(_udivmoddi4.o)
 .ARM.attributes
                0x0000000000000737       0x1e C:/appz/ST/STM32CubeIDE_1.10.1/STM32CubeIDE/plugins/com.st.stm32cube.ide.mcu.externaltools.gnu-tools-for-stm32.11.3.rel1.win32_1.1.0.202305231506/tools/bin/../lib/gcc/arm-none-eabi/11.3.1/thumb/v7e-m+fp/hard\libgcc.a(_dvmd_tls.o)
 .ARM.attributes
                0x0000000000000755       0x1e C:/appz/ST/STM32CubeIDE_1.10.1/STM32CubeIDE/plugins/com.st.stm32cube.ide.mcu.externaltools.gnu-tools-for-stm32.11.3.rel1.win32_1.1.0.202305231506/tools/bin/../lib/gcc/arm-none-eabi/11.3.1/thumb/v7e-m+fp/hard/crtn.o
OUTPUT(jedenasta_uloha.elf elf32-littlearm)
LOAD linker stubs
LOAD C:/appz/ST/STM32CubeIDE_1.10.1/STM32CubeIDE/plugins/com.st.stm32cube.ide.mcu.externaltools.gnu-tools-for-stm32.11.3.rel1.win32_1.1.0.202305231506/tools/bin/../lib/gcc/arm-none-eabi/11.3.1/../../../../arm-none-eabi/lib/thumb/v7e-m+fp/hard\libc.a
LOAD C:/appz/ST/STM32CubeIDE_1.10.1/STM32CubeIDE/plugins/com.st.stm32cube.ide.mcu.externaltools.gnu-tools-for-stm32.11.3.rel1.win32_1.1.0.202305231506/tools/bin/../lib/gcc/arm-none-eabi/11.3.1/../../../../arm-none-eabi/lib/thumb/v7e-m+fp/hard\libm.a
LOAD C:/appz/ST/STM32CubeIDE_1.10.1/STM32CubeIDE/plugins/com.st.stm32cube.ide.mcu.externaltools.gnu-tools-for-stm32.11.3.rel1.win32_1.1.0.202305231506/tools/bin/../lib/gcc/arm-none-eabi/11.3.1/thumb/v7e-m+fp/hard\libgcc.a

.comment        0x0000000000000000       0x43
 .comment       0x0000000000000000       0x43 C:/appz/ST/STM32CubeIDE_1.10.1/STM32CubeIDE/plugins/com.st.stm32cube.ide.mcu.externaltools.gnu-tools-for-stm32.11.3.rel1.win32_1.1.0.202305231506/tools/bin/../lib/gcc/arm-none-eabi/11.3.1/thumb/v7e-m+fp/hard/crtbegin.o
                                         0x44 (size before relaxing)
 .comment       0x0000000000000043       0x44 ./Core/Src/main.o
 .comment       0x0000000000000043       0x44 ./Core/Src/stm32f4xx_hal_msp.o
 .comment       0x0000000000000043       0x44 ./Core/Src/stm32f4xx_it.o
 .comment       0x0000000000000043       0x44 ./Core/Src/system_stm32f4xx.o
 .comment       0x0000000000000043       0x44 ./Drivers/STM32F4xx_HAL_Driver/Src/stm32f4xx_hal.o
 .comment       0x0000000000000043       0x44 ./Drivers/STM32F4xx_HAL_Driver/Src/stm32f4xx_hal_cortex.o
 .comment       0x0000000000000043       0x44 ./Drivers/STM32F4xx_HAL_Driver/Src/stm32f4xx_hal_gpio.o
 .comment       0x0000000000000043       0x44 ./Drivers/STM32F4xx_HAL_Driver/Src/stm32f4xx_hal_pcd.o
 .comment       0x0000000000000043       0x44 ./Drivers/STM32F4xx_HAL_Driver/Src/stm32f4xx_hal_pcd_ex.o
 .comment       0x0000000000000043       0x44 ./Drivers/STM32F4xx_HAL_Driver/Src/stm32f4xx_hal_rcc.o
 .comment       0x0000000000000043       0x44 ./Drivers/STM32F4xx_HAL_Driver/Src/stm32f4xx_hal_uart.o
 .comment       0x0000000000000043       0x44 ./Drivers/STM32F4xx_HAL_Driver/Src/stm32f4xx_ll_usb.o
 .comment       0x0000000000000043       0x44 ./Middlewares/ST/STM32_USB_Device_Library/Class/HID/Src/usbd_hid.o
 .comment       0x0000000000000043       0x44 ./Middlewares/ST/STM32_USB_Device_Library/Core/Src/usbd_core.o
 .comment       0x0000000000000043       0x44 ./Middlewares/ST/STM32_USB_Device_Library/Core/Src/usbd_ctlreq.o
 .comment       0x0000000000000043       0x44 ./Middlewares/ST/STM32_USB_Device_Library/Core/Src/usbd_ioreq.o
 .comment       0x0000000000000043       0x44 ./USB_DEVICE/App/usb_device.o
 .comment       0x0000000000000043       0x44 ./USB_DEVICE/App/usbd_desc.o
 .comment       0x0000000000000043       0x44 ./USB_DEVICE/Target/usbd_conf.o

.debug_info     0x0000000000000000    0x10859
 .debug_info    0x0000000000000000     0x16c7 ./Core/Src/main.o
 .debug_info    0x00000000000016c7      0x8e3 ./Core/Src/stm32f4xx_hal_msp.o
 .debug_info    0x0000000000001faa      0x631 ./Core/Src/stm32f4xx_it.o
 .debug_info    0x00000000000025db      0x52e ./Core/Src/system_stm32f4xx.o
 .debug_info    0x0000000000002b09       0x23 ./Core/Startup/startup_stm32f429zitx.o
 .debug_info    0x0000000000002b2c      0x9be ./Drivers/STM32F4xx_HAL_Driver/Src/stm32f4xx_hal.o
 .debug_info    0x00000000000034ea      0xd7c ./Drivers/STM32F4xx_HAL_Driver/Src/stm32f4xx_hal_cortex.o
 .debug_info    0x0000000000004266      0x6db ./Drivers/STM32F4xx_HAL_Driver/Src/stm32f4xx_hal_gpio.o
 .debug_info    0x0000000000004941     0x1541 ./Drivers/STM32F4xx_HAL_Driver/Src/stm32f4xx_hal_pcd.o
 .debug_info    0x0000000000005e82      0x6d2 ./Drivers/STM32F4xx_HAL_Driver/Src/stm32f4xx_hal_pcd_ex.o
 .debug_info    0x0000000000006554      0x8c9 ./Drivers/STM32F4xx_HAL_Driver/Src/stm32f4xx_hal_rcc.o
 .debug_info    0x0000000000006e1d     0x2fb8 ./Drivers/STM32F4xx_HAL_Driver/Src/stm32f4xx_hal_uart.o
 .debug_info    0x0000000000009dd5     0x18f6 ./Drivers/STM32F4xx_HAL_Driver/Src/stm32f4xx_ll_usb.o
 .debug_info    0x000000000000b6cb      0xa84 ./Middlewares/ST/STM32_USB_Device_Library/Class/HID/Src/usbd_hid.o
 .debug_info    0x000000000000c14f      0xe05 ./Middlewares/ST/STM32_USB_Device_Library/Core/Src/usbd_core.o
 .debug_info    0x000000000000cf54      0xade ./Middlewares/ST/STM32_USB_Device_Library/Core/Src/usbd_ctlreq.o
 .debug_info    0x000000000000da32      0x755 ./Middlewares/ST/STM32_USB_Device_Library/Core/Src/usbd_ioreq.o
 .debug_info    0x000000000000e187      0x5ef ./USB_DEVICE/App/usb_device.o
 .debug_info    0x000000000000e776      0x458 ./USB_DEVICE/App/usbd_desc.o
 .debug_info    0x000000000000ebce     0x1c8b ./USB_DEVICE/Target/usbd_conf.o

.debug_abbrev   0x0000000000000000     0x2bfe
 .debug_abbrev  0x0000000000000000      0x36d ./Core/Src/main.o
 .debug_abbrev  0x000000000000036d      0x1ad ./Core/Src/stm32f4xx_hal_msp.o
 .debug_abbrev  0x000000000000051a      0x1b9 ./Core/Src/stm32f4xx_it.o
 .debug_abbrev  0x00000000000006d3      0x11a ./Core/Src/system_stm32f4xx.o
 .debug_abbrev  0x00000000000007ed       0x12 ./Core/Startup/startup_stm32f429zitx.o
 .debug_abbrev  0x00000000000007ff      0x213 ./Drivers/STM32F4xx_HAL_Driver/Src/stm32f4xx_hal.o
 .debug_abbrev  0x0000000000000a12      0x327 ./Drivers/STM32F4xx_HAL_Driver/Src/stm32f4xx_hal_cortex.o
 .debug_abbrev  0x0000000000000d39      0x1d4 ./Drivers/STM32F4xx_HAL_Driver/Src/stm32f4xx_hal_gpio.o
 .debug_abbrev  0x0000000000000f0d      0x2d0 ./Drivers/STM32F4xx_HAL_Driver/Src/stm32f4xx_hal_pcd.o
 .debug_abbrev  0x00000000000011dd      0x1da ./Drivers/STM32F4xx_HAL_Driver/Src/stm32f4xx_hal_pcd_ex.o
 .debug_abbrev  0x00000000000013b7      0x2b6 ./Drivers/STM32F4xx_HAL_Driver/Src/stm32f4xx_hal_rcc.o
 .debug_abbrev  0x000000000000166d      0x30e ./Drivers/STM32F4xx_HAL_Driver/Src/stm32f4xx_hal_uart.o
 .debug_abbrev  0x000000000000197b      0x2ac ./Drivers/STM32F4xx_HAL_Driver/Src/stm32f4xx_ll_usb.o
 .debug_abbrev  0x0000000000001c27      0x2a2 ./Middlewares/ST/STM32_USB_Device_Library/Class/HID/Src/usbd_hid.o
 .debug_abbrev  0x0000000000001ec9      0x27c ./Middlewares/ST/STM32_USB_Device_Library/Core/Src/usbd_core.o
 .debug_abbrev  0x0000000000002145      0x26f ./Middlewares/ST/STM32_USB_Device_Library/Core/Src/usbd_ctlreq.o
 .debug_abbrev  0x00000000000023b4      0x19a ./Middlewares/ST/STM32_USB_Device_Library/Core/Src/usbd_ioreq.o
 .debug_abbrev  0x000000000000254e      0x190 ./USB_DEVICE/App/usb_device.o
 .debug_abbrev  0x00000000000026de      0x1e1 ./USB_DEVICE/App/usbd_desc.o
 .debug_abbrev  0x00000000000028bf      0x33f ./USB_DEVICE/Target/usbd_conf.o

.debug_aranges  0x0000000000000000      0xd20
 .debug_aranges
                0x0000000000000000       0x68 ./Core/Src/main.o
 .debug_aranges
                0x0000000000000068       0x30 ./Core/Src/stm32f4xx_hal_msp.o
 .debug_aranges
                0x0000000000000098       0x70 ./Core/Src/stm32f4xx_it.o
 .debug_aranges
                0x0000000000000108       0x28 ./Core/Src/system_stm32f4xx.o
 .debug_aranges
                0x0000000000000130       0x28 ./Core/Startup/startup_stm32f429zitx.o
 .debug_aranges
                0x0000000000000158      0x100 ./Drivers/STM32F4xx_HAL_Driver/Src/stm32f4xx_hal.o
 .debug_aranges
                0x0000000000000258      0x118 ./Drivers/STM32F4xx_HAL_Driver/Src/stm32f4xx_hal_cortex.o
 .debug_aranges
                0x0000000000000370       0x58 ./Drivers/STM32F4xx_HAL_Driver/Src/stm32f4xx_hal_gpio.o
 .debug_aranges
                0x00000000000003c8      0x148 ./Drivers/STM32F4xx_HAL_Driver/Src/stm32f4xx_hal_pcd.o
 .debug_aranges
                0x0000000000000510       0x38 ./Drivers/STM32F4xx_HAL_Driver/Src/stm32f4xx_hal_pcd_ex.o
 .debug_aranges
                0x0000000000000548       0x88 ./Drivers/STM32F4xx_HAL_Driver/Src/stm32f4xx_hal_rcc.o
 .debug_aranges
                0x00000000000005d0      0x200 ./Drivers/STM32F4xx_HAL_Driver/Src/stm32f4xx_hal_uart.o
 .debug_aranges
                0x00000000000007d0      0x1a0 ./Drivers/STM32F4xx_HAL_Driver/Src/stm32f4xx_ll_usb.o
 .debug_aranges
                0x0000000000000970       0x68 ./Middlewares/ST/STM32_USB_Device_Library/Class/HID/Src/usbd_hid.o
 .debug_aranges
                0x00000000000009d8       0xd8 ./Middlewares/ST/STM32_USB_Device_Library/Core/Src/usbd_core.o
 .debug_aranges
                0x0000000000000ab0       0x90 ./Middlewares/ST/STM32_USB_Device_Library/Core/Src/usbd_ctlreq.o
 .debug_aranges
                0x0000000000000b40       0x50 ./Middlewares/ST/STM32_USB_Device_Library/Core/Src/usbd_ioreq.o
 .debug_aranges
                0x0000000000000b90       0x20 ./USB_DEVICE/App/usb_device.o
 .debug_aranges
                0x0000000000000bb0       0x60 ./USB_DEVICE/App/usbd_desc.o
 .debug_aranges
                0x0000000000000c10      0x110 ./USB_DEVICE/Target/usbd_conf.o

.debug_rnglists
                0x0000000000000000      0x9f0
 .debug_rnglists
                0x0000000000000000       0x4e ./Core/Src/main.o
 .debug_rnglists
                0x000000000000004e       0x20 ./Core/Src/stm32f4xx_hal_msp.o
 .debug_rnglists
                0x000000000000006e       0x4f ./Core/Src/stm32f4xx_it.o
 .debug_rnglists
                0x00000000000000bd       0x1a ./Core/Src/system_stm32f4xx.o
 .debug_rnglists
                0x00000000000000d7       0x19 ./Core/Startup/startup_stm32f429zitx.o
 .debug_rnglists
                0x00000000000000f0       0xbb ./Drivers/STM32F4xx_HAL_Driver/Src/stm32f4xx_hal.o
 .debug_rnglists
                0x00000000000001ab       0xce ./Drivers/STM32F4xx_HAL_Driver/Src/stm32f4xx_hal_cortex.o
 .debug_rnglists
                0x0000000000000279       0x3f ./Drivers/STM32F4xx_HAL_Driver/Src/stm32f4xx_hal_gpio.o
 .debug_rnglists
                0x00000000000002b8       0xfc ./Drivers/STM32F4xx_HAL_Driver/Src/stm32f4xx_hal_pcd.o
 .debug_rnglists
                0x00000000000003b4       0x26 ./Drivers/STM32F4xx_HAL_Driver/Src/stm32f4xx_hal_pcd_ex.o
 .debug_rnglists
                0x00000000000003da       0x66 ./Drivers/STM32F4xx_HAL_Driver/Src/stm32f4xx_hal_rcc.o
 .debug_rnglists
                0x0000000000000440      0x1b7 ./Drivers/STM32F4xx_HAL_Driver/Src/stm32f4xx_hal_uart.o
 .debug_rnglists
                0x00000000000005f7      0x148 ./Drivers/STM32F4xx_HAL_Driver/Src/stm32f4xx_ll_usb.o
 .debug_rnglists
                0x000000000000073f       0x4c ./Middlewares/ST/STM32_USB_Device_Library/Class/HID/Src/usbd_hid.o
 .debug_rnglists
                0x000000000000078b       0xa1 ./Middlewares/ST/STM32_USB_Device_Library/Core/Src/usbd_core.o
 .debug_rnglists
                0x000000000000082c       0x6e ./Middlewares/ST/STM32_USB_Device_Library/Core/Src/usbd_ctlreq.o
 .debug_rnglists
                0x000000000000089a       0x37 ./Middlewares/ST/STM32_USB_Device_Library/Core/Src/usbd_ioreq.o
 .debug_rnglists
                0x00000000000008d1       0x13 ./USB_DEVICE/App/usb_device.o
 .debug_rnglists
                0x00000000000008e4       0x43 ./USB_DEVICE/App/usbd_desc.o
 .debug_rnglists
                0x0000000000000927       0xc9 ./USB_DEVICE/Target/usbd_conf.o

.debug_macro    0x0000000000000000    0x252b3
 .debug_macro   0x0000000000000000      0x3a6 ./Core/Src/main.o
 .debug_macro   0x00000000000003a6      0xaa8 ./Core/Src/main.o
 .debug_macro   0x0000000000000e4e      0x29b ./Core/Src/main.o
 .debug_macro   0x00000000000010e9       0x2e ./Core/Src/main.o
 .debug_macro   0x0000000000001117       0x28 ./Core/Src/main.o
 .debug_macro   0x000000000000113f       0x22 ./Core/Src/main.o
 .debug_macro   0x0000000000001161       0x8e ./Core/Src/main.o
 .debug_macro   0x00000000000011ef       0x51 ./Core/Src/main.o
 .debug_macro   0x0000000000001240      0x103 ./Core/Src/main.o
 .debug_macro   0x0000000000001343       0x6a ./Core/Src/main.o
 .debug_macro   0x00000000000013ad      0x1df ./Core/Src/main.o
 .debug_macro   0x000000000000158c       0x1c ./Core/Src/main.o
 .debug_macro   0x00000000000015a8       0x22 ./Core/Src/main.o
 .debug_macro   0x00000000000015ca       0xd9 ./Core/Src/main.o
 .debug_macro   0x00000000000016a3     0x102d ./Core/Src/main.o
 .debug_macro   0x00000000000026d0      0x11f ./Core/Src/main.o
 .debug_macro   0x00000000000027ef    0x17fc0 ./Core/Src/main.o
 .debug_macro   0x000000000001a7af       0x6d ./Core/Src/main.o
 .debug_macro   0x000000000001a81c     0x36f5 ./Core/Src/main.o
 .debug_macro   0x000000000001df11      0x174 ./Core/Src/main.o
 .debug_macro   0x000000000001e085       0x5c ./Core/Src/main.o
 .debug_macro   0x000000000001e0e1      0xca5 ./Core/Src/main.o
 .debug_macro   0x000000000001ed86      0x9fe ./Core/Src/main.o
 .debug_macro   0x000000000001f784      0x115 ./Core/Src/main.o
 .debug_macro   0x000000000001f899      0x156 ./Core/Src/main.o
 .debug_macro   0x000000000001f9ef       0xa5 ./Core/Src/main.o
 .debug_macro   0x000000000001fa94      0x182 ./Core/Src/main.o
 .debug_macro   0x000000000001fc16      0x287 ./Core/Src/main.o
 .debug_macro   0x000000000001fe9d       0x5f ./Core/Src/main.o
 .debug_macro   0x000000000001fefc      0x236 ./Core/Src/main.o
 .debug_macro   0x0000000000020132      0x132 ./Core/Src/main.o
 .debug_macro   0x0000000000020264      0x41d ./Core/Src/main.o
 .debug_macro   0x0000000000020681       0x2e ./Core/Src/main.o
 .debug_macro   0x00000000000206af      0x11a ./Core/Src/main.o
 .debug_macro   0x00000000000207c9       0xe2 ./Core/Src/main.o
 .debug_macro   0x00000000000208ab       0x89 ./Core/Src/main.o
 .debug_macro   0x0000000000020934      0x295 ./Core/Src/main.o
 .debug_macro   0x0000000000020bc9      0x248 ./Core/Src/main.o
 .debug_macro   0x0000000000020e11       0xba ./Core/Src/main.o
 .debug_macro   0x0000000000020ecb      0x134 ./Core/Src/main.o
 .debug_macro   0x0000000000020fff      0x136 ./Core/Src/main.o
 .debug_macro   0x0000000000021135       0x61 ./Core/Src/main.o
 .debug_macro   0x0000000000021196       0x2a ./Core/Src/main.o
 .debug_macro   0x00000000000211c0       0x43 ./Core/Src/main.o
 .debug_macro   0x0000000000021203       0x34 ./Core/Src/main.o
 .debug_macro   0x0000000000021237       0x16 ./Core/Src/main.o
 .debug_macro   0x000000000002124d       0x35 ./Core/Src/main.o
 .debug_macro   0x0000000000021282      0x369 ./Core/Src/main.o
 .debug_macro   0x00000000000215eb       0x10 ./Core/Src/main.o
 .debug_macro   0x00000000000215fb       0x16 ./Core/Src/main.o
 .debug_macro   0x0000000000021611       0x43 ./Core/Src/main.o
 .debug_macro   0x0000000000021654       0x34 ./Core/Src/main.o
 .debug_macro   0x0000000000021688       0x10 ./Core/Src/main.o
 .debug_macro   0x0000000000021698       0x58 ./Core/Src/main.o
 .debug_macro   0x00000000000216f0       0x8e ./Core/Src/main.o
 .debug_macro   0x000000000002177e       0x1c ./Core/Src/main.o
 .debug_macro   0x000000000002179a      0x177 ./Core/Src/main.o
 .debug_macro   0x0000000000021911       0x16 ./Core/Src/main.o
 .debug_macro   0x0000000000021927       0x16 ./Core/Src/main.o
 .debug_macro   0x000000000002193d      0x147 ./Core/Src/main.o
 .debug_macro   0x0000000000021a84       0x16 ./Core/Src/main.o
 .debug_macro   0x0000000000021a9a       0x16 ./Core/Src/main.o
 .debug_macro   0x0000000000021ab0       0x29 ./Core/Src/main.o
 .debug_macro   0x0000000000021ad9       0x16 ./Core/Src/main.o
 .debug_macro   0x0000000000021aef       0x20 ./Core/Src/main.o
 .debug_macro   0x0000000000021b0f       0x6b ./Core/Src/main.o
 .debug_macro   0x0000000000021b7a      0x20f ./Core/Src/main.o
 .debug_macro   0x0000000000021d89       0x5f ./Core/Src/main.o
 .debug_macro   0x0000000000021de8      0x19b ./Core/Src/main.o
 .debug_macro   0x0000000000021f83      0x1ed ./Core/Src/stm32f4xx_hal_msp.o
 .debug_macro   0x0000000000022170      0x1f7 ./Core/Src/stm32f4xx_it.o
 .debug_macro   0x0000000000022367      0x1de ./Core/Src/system_stm32f4xx.o
 .debug_macro   0x0000000000022545      0x23e ./Drivers/STM32F4xx_HAL_Driver/Src/stm32f4xx_hal.o
 .debug_macro   0x0000000000022783      0x1de ./Drivers/STM32F4xx_HAL_Driver/Src/stm32f4xx_hal_cortex.o
 .debug_macro   0x0000000000022961      0x1e4 ./Drivers/STM32F4xx_HAL_Driver/Src/stm32f4xx_hal_gpio.o
 .debug_macro   0x0000000000022b45      0x1ea ./Drivers/STM32F4xx_HAL_Driver/Src/stm32f4xx_hal_pcd.o
 .debug_macro   0x0000000000022d2f      0x1de ./Drivers/STM32F4xx_HAL_Driver/Src/stm32f4xx_hal_pcd_ex.o
 .debug_macro   0x0000000000022f0d      0x202 ./Drivers/STM32F4xx_HAL_Driver/Src/stm32f4xx_hal_rcc.o
 .debug_macro   0x000000000002310f      0x1df ./Drivers/STM32F4xx_HAL_Driver/Src/stm32f4xx_hal_uart.o
 .debug_macro   0x00000000000232ee      0x1de ./Drivers/STM32F4xx_HAL_Driver/Src/stm32f4xx_ll_usb.o
 .debug_macro   0x00000000000234cc      0x37c ./Middlewares/ST/STM32_USB_Device_Library/Class/HID/Src/usbd_hid.o
 .debug_macro   0x0000000000023848       0x97 ./Middlewares/ST/STM32_USB_Device_Library/Class/HID/Src/usbd_hid.o
 .debug_macro   0x00000000000238df       0xfd ./Middlewares/ST/STM32_USB_Device_Library/Class/HID/Src/usbd_hid.o
 .debug_macro   0x00000000000239dc       0x56 ./Middlewares/ST/STM32_USB_Device_Library/Class/HID/Src/usbd_hid.o
 .debug_macro   0x0000000000023a32      0x363 ./Middlewares/ST/STM32_USB_Device_Library/Core/Src/usbd_core.o
 .debug_macro   0x0000000000023d95      0x215 ./Middlewares/ST/STM32_USB_Device_Library/Core/Src/usbd_core.o
 .debug_macro   0x0000000000023faa      0x36d ./Middlewares/ST/STM32_USB_Device_Library/Core/Src/usbd_ctlreq.o
 .debug_macro   0x0000000000024317      0x369 ./Middlewares/ST/STM32_USB_Device_Library/Core/Src/usbd_ioreq.o
 .debug_macro   0x0000000000024680      0x393 ./USB_DEVICE/App/usb_device.o
 .debug_macro   0x0000000000024a13      0x13c ./USB_DEVICE/App/usb_device.o
 .debug_macro   0x0000000000024b4f       0x22 ./USB_DEVICE/App/usb_device.o
 .debug_macro   0x0000000000024b71      0x3a6 ./USB_DEVICE/App/usbd_desc.o
 .debug_macro   0x0000000000024f17       0x1c ./USB_DEVICE/App/usbd_desc.o
 .debug_macro   0x0000000000024f33      0x380 ./USB_DEVICE/Target/usbd_conf.o

.debug_line     0x0000000000000000    0x11665
 .debug_line    0x0000000000000000      0xdb3 ./Core/Src/main.o
 .debug_line    0x0000000000000db3      0x7be ./Core/Src/stm32f4xx_hal_msp.o
 .debug_line    0x0000000000001571      0x863 ./Core/Src/stm32f4xx_it.o
 .debug_line    0x0000000000001dd4      0x7f2 ./Core/Src/system_stm32f4xx.o
 .debug_line    0x00000000000025c6       0x7a ./Core/Startup/startup_stm32f429zitx.o
 .debug_line    0x0000000000002640      0xa8e ./Drivers/STM32F4xx_HAL_Driver/Src/stm32f4xx_hal.o
 .debug_line    0x00000000000030ce      0xd07 ./Drivers/STM32F4xx_HAL_Driver/Src/stm32f4xx_hal_cortex.o