../Core/Src/main.c:61:6:step	24	static
../Core/Src/main.c:72:6:circle	40	static
../Core/Src/main.c:99:6:draw_part_circle	48	static
../Core/Src/main.c:124:6:happy_face	24	static
../Core/Src/main.c:159:5:main	8	static
../Core/Src/main.c:210:6:SystemClock_Config	88	static
../Core/Src/main.c:256:13:MX_USART3_UART_Init	8	static
../Core/Src/main.c:289:13:MX_GPIO_Init	56	static
../Core/Src/main.c:379:6:HAL_GPIO_EXTI_Callback	16	static
../Core/Src/main.c:398:6:Error_Handler	4	static,ignoring_inline_asm
