../Core/Src/main.c:64:6:step	24	static
../Core/Src/main.c:75:6:circle	40	static
../Core/Src/main.c:102:6:draw_part_circle	56	static
../Core/Src/main.c:127:6:happy_face	24	static
../Core/Src/main.c:165:5:main	8	static
../Core/Src/main.c:216:6:SystemClock_Config	88	static
../Core/Src/main.c:262:13:MX_USART3_UART_Init	8	static
../Core/Src/main.c:295:13:MX_GPIO_Init	56	static
../Core/Src/main.c:385:6:HAL_GPIO_EXTI_Callback	16	static
../Core/Src/main.c:404:6:Error_Handler	4	static,ignoring_inline_asm
