../Drivers/CMSIS/Include/core_cm4.h:2064:26:ITM_SendChar	16	static,ignoring_inline_asm
../Core/Src/main.c:62:5:__io_putchar	16	static
../Core/Src/main.c:72:5:main	24	static
../Core/Src/main.c:156:6:SystemClock_Config	88	static
../Core/Src/main.c:202:13:MX_TIM3_Init	32	static
../Core/Src/main.c:247:13:MX_USART3_UART_Init	8	static
../Core/Src/main.c:280:13:MX_GPIO_Init	64	static
../Core/Src/main.c:402:6:HAL_TIM_PeriodElapsedCallback	16	static
../Core/Src/main.c:483:6:Error_Handler	4	static,ignoring_inline_asm
